[MapFileInfo]
Product = 27
Provider = 0x00
MapVer = 0x01
SWVersion = 5
Time = 170558
Date = 000404

[5118]              ; Bearbeiter: Haiduk, Norbert
Offset =       0    ; Offset
Memory =       8    ; EEFullBlock
PStufe =       2    ; ST
Service =      2    ; Block neu initialisieren
Version =      0    ; Version
DataSize =    180   ; Anzahl der Datenbytes
Data     {
0xFF 0xFF 0xFF 0xFF 0xFF 0xFF 0xFF 0xFF 0xFF 0xFF 
0xFF 0xFF 0xFF 0xFF 0xFF 0xFF 0xFF 0xFF 0xFF 0xFF 
0xFF 0xFF 0xFF 0xFF 0xFF 0xFF 0xFF 0xFF 0xFF 0xFF 
0xFF 0xFF 0xFF 0xFF 0xFF 0xFF 0xFF 0xFF 0xFF 0xFF 
0xFF 0xFF 0xFF 0xFF 0xFF 0xFF 0xFF 0xFF 0xFF 0xFF 
0xFF 0xFF 0xFF 0xFF 0xFF 0xFF 0xFF 0xFF 0xFF 0xFF 
0xFF 0xFF 0xFF 0xFF 0xFF 0xFF 0xFF 0xFF 0xFF 0xFF 
0xFF 0xFF 0xFF 0xFF 0xFF 0xFF 0xFF 0xFF 0xFF 0xFF 
0xFF 0xFF 0xFF 0xFF 0xFF 0xFF 0xFF 0xFF 0xFF 0xFF 
0xFF 0xFF 0xFF 0xFF 0xFF 0xFF 0xFF 0xFF 0xFF 0xFF 
0xFF 0xFF 0xFF 0xFF 0xFF 0xFF 0xFF 0xFF 0xFF 0xFF 
0xFF 0xFF 0xFF 0xFF 0xFF 0xFF 0xFF 0xFF 0xFF 0xFF 
0xFF 0xFF 0xFF 0xFF 0xFF 0xFF 0xFF 0xFF 0xFF 0xFF 
0xFF 0xFF 0xFF 0xFF 0xFF 0xFF 0xFF 0xFF 0xFF 0xFF 
0xFF 0xFF 0xFF 0xFF 0xFF 0xFF 0xFF 0xFF 0xFF 0xFF 
0xFF 0xFF 0xFF 0xFF 0xFF 0xFF 0xFF 0xFF 0xFF 0xFF 
0xFF 0xFF 0xFF 0xFF 0xFF 0xFF 0xFF 0xFF 0xFF 0xFF 
0xFF 0xFF 0xFF 0xFF 0xFF 0xFF 0xFF 0xFF 0xFF 0xFF
         }
[5117]              ; Bearbeiter: Haiduk, Norbert
Offset =       0    ; Offset
Memory =       8    ; EEFullBlock
PStufe =       2    ; ST
Service =      2    ; Block neu initialisieren
Version =      0    ; Version
DataSize =    150   ; Anzahl der Datenbytes
Data     {
0xFF 0xFF 0xFF 0xFF 0xFF 0xFF 0xFF 0xFF 0xFF 0xFF 
0xFF 0xFF 0xFF 0xFF 0xFF 0xFF 0xFF 0xFF 0xFF 0xFF 
0xFF 0xFF 0xFF 0xFF 0xFF 0xFF 0xFF 0xFF 0xFF 0xFF 
0xFF 0xFF 0xFF 0xFF 0xFF 0xFF 0xFF 0xFF 0xFF 0xFF 
0xFF 0xFF 0xFF 0xFF 0xFF 0xFF 0xFF 0xFF 0xFF 0xFF 
0xFF 0xFF 0xFF 0xFF 0xFF 0xFF 0xFF 0xFF 0xFF 0xFF 
0xFF 0xFF 0xFF 0xFF 0xFF 0xFF 0xFF 0xFF 0xFF 0xFF 
0xFF 0xFF 0xFF 0xFF 0xFF 0xFF 0xFF 0xFF 0xFF 0xFF 
0xFF 0xFF 0xFF 0xFF 0xFF 0xFF 0xFF 0xFF 0xFF 0xFF 
0xFF 0xFF 0xFF 0xFF 0xFF 0xFF 0xFF 0xFF 0xFF 0xFF 
0xFF 0xFF 0xFF 0xFF 0xFF 0xFF 0xFF 0xFF 0xFF 0xFF 
0xFF 0xFF 0xFF 0xFF 0xFF 0xFF 0xFF 0xFF 0xFF 0xFF 
0xFF 0xFF 0xFF 0xFF 0xFF 0xFF 0xFF 0xFF 0xFF 0xFF 
0xFF 0xFF 0xFF 0xFF 0xFF 0xFF 0xFF 0xFF 0xFF 0xFF 
0xFF 0xFF 0xFF 0xFF 0xFF 0xFF 0xFF 0xFF 0xFF 0xFF
         }
[5116]              ; Bearbeiter: Haiduk, Norbert
Offset =       0    ; Offset
Memory =       8    ; EEFullBlock
PStufe =       2    ; ST
Service =      2    ; Block neu initialisieren
Version =      0    ; Version
DataSize =    150   ; Anzahl der Datenbytes
Data     {
0xFF 0xFF 0xFF 0xFF 0xFF 0xFF 0xFF 0xFF 0xFF 0xFF 
0xFF 0xFF 0xFF 0xFF 0xFF 0xFF 0xFF 0xFF 0xFF 0xFF 
0xFF 0xFF 0xFF 0xFF 0xFF 0xFF 0xFF 0xFF 0xFF 0xFF 
0xFF 0xFF 0xFF 0xFF 0xFF 0xFF 0xFF 0xFF 0xFF 0xFF 
0xFF 0xFF 0xFF 0xFF 0xFF 0xFF 0xFF 0xFF 0xFF 0xFF 
0xFF 0xFF 0xFF 0xFF 0xFF 0xFF 0xFF 0xFF 0xFF 0xFF 
0xFF 0xFF 0xFF 0xFF 0xFF 0xFF 0xFF 0xFF 0xFF 0xFF 
0xFF 0xFF 0xFF 0xFF 0xFF 0xFF 0xFF 0xFF 0xFF 0xFF 
0xFF 0xFF 0xFF 0xFF 0xFF 0xFF 0xFF 0xFF 0xFF 0xFF 
0xFF 0xFF 0xFF 0xFF 0xFF 0xFF 0xFF 0xFF 0xFF 0xFF 
0xFF 0xFF 0xFF 0xFF 0xFF 0xFF 0xFF 0xFF 0xFF 0xFF 
0xFF 0xFF 0xFF 0xFF 0xFF 0xFF 0xFF 0xFF 0xFF 0xFF 
0xFF 0xFF 0xFF 0xFF 0xFF 0xFF 0xFF 0xFF 0xFF 0xFF 
0xFF 0xFF 0xFF 0xFF 0xFF 0xFF 0xFF 0xFF 0xFF 0xFF 
0xFF 0xFF 0xFF 0xFF 0xFF 0xFF 0xFF 0xFF 0xFF 0xFF
         }
[5115]              ; Bearbeiter: Haiduk, Norbert
Offset =       0    ; Offset
Memory =       8    ; EEFullBlock
PStufe =       2    ; ST
Service =      2    ; Block neu initialisieren
Version =      0    ; Version
DataSize =    150   ; Anzahl der Datenbytes
Data     {
0xFF 0xFF 0xFF 0xFF 0xFF 0xFF 0xFF 0xFF 0xFF 0xFF 
0xFF 0xFF 0xFF 0xFF 0xFF 0xFF 0xFF 0xFF 0xFF 0xFF 
0xFF 0xFF 0xFF 0xFF 0xFF 0xFF 0xFF 0xFF 0xFF 0xFF 
0xFF 0xFF 0xFF 0xFF 0xFF 0xFF 0xFF 0xFF 0xFF 0xFF 
0xFF 0xFF 0xFF 0xFF 0xFF 0xFF 0xFF 0xFF 0xFF 0xFF 
0xFF 0xFF 0xFF 0xFF 0xFF 0xFF 0xFF 0xFF 0xFF 0xFF 
0xFF 0xFF 0xFF 0xFF 0xFF 0xFF 0xFF 0xFF 0xFF 0xFF 
0xFF 0xFF 0xFF 0xFF 0xFF 0xFF 0xFF 0xFF 0xFF 0xFF 
0xFF 0xFF 0xFF 0xFF 0xFF 0xFF 0xFF 0xFF 0xFF 0xFF 
0xFF 0xFF 0xFF 0xFF 0xFF 0xFF 0xFF 0xFF 0xFF 0xFF 
0xFF 0xFF 0xFF 0xFF 0xFF 0xFF 0xFF 0xFF 0xFF 0xFF 
0xFF 0xFF 0xFF 0xFF 0xFF 0xFF 0xFF 0xFF 0xFF 0xFF 
0xFF 0xFF 0xFF 0xFF 0xFF 0xFF 0xFF 0xFF 0xFF 0xFF 
0xFF 0xFF 0xFF 0xFF 0xFF 0xFF 0xFF 0xFF 0xFF 0xFF 
0xFF 0xFF 0xFF 0xFF 0xFF 0xFF 0xFF 0xFF 0xFF 0xFF
         }
[5114]              ; Bearbeiter: Haiduk, Norbert
Offset =       0    ; Offset
Memory =       8    ; EEFullBlock
PStufe =       2    ; ST
Service =      2    ; Block neu initialisieren
Version =      0    ; Version
DataSize =    150   ; Anzahl der Datenbytes
Data     {
0xFF 0xFF 0xFF 0xFF 0xFF 0xFF 0xFF 0xFF 0xFF 0xFF 
0xFF 0xFF 0xFF 0xFF 0xFF 0xFF 0xFF 0xFF 0xFF 0xFF 
0xFF 0xFF 0xFF 0xFF 0xFF 0xFF 0xFF 0xFF 0xFF 0xFF 
0xFF 0xFF 0xFF 0xFF 0xFF 0xFF 0xFF 0xFF 0xFF 0xFF 
0xFF 0xFF 0xFF 0xFF 0xFF 0xFF 0xFF 0xFF 0xFF 0xFF 
0xFF 0xFF 0xFF 0xFF 0xFF 0xFF 0xFF 0xFF 0xFF 0xFF 
0xFF 0xFF 0xFF 0xFF 0xFF 0xFF 0xFF 0xFF 0xFF 0xFF 
0xFF 0xFF 0xFF 0xFF 0xFF 0xFF 0xFF 0xFF 0xFF 0xFF 
0xFF 0xFF 0xFF 0xFF 0xFF 0xFF 0xFF 0xFF 0xFF 0xFF 
0xFF 0xFF 0xFF 0xFF 0xFF 0xFF 0xFF 0xFF 0xFF 0xFF 
0xFF 0xFF 0xFF 0xFF 0xFF 0xFF 0xFF 0xFF 0xFF 0xFF 
0xFF 0xFF 0xFF 0xFF 0xFF 0xFF 0xFF 0xFF 0xFF 0xFF 
0xFF 0xFF 0xFF 0xFF 0xFF 0xFF 0xFF 0xFF 0xFF 0xFF 
0xFF 0xFF 0xFF 0xFF 0xFF 0xFF 0xFF 0xFF 0xFF 0xFF 
0xFF 0xFF 0xFF 0xFF 0xFF 0xFF 0xFF 0xFF 0xFF 0xFF
         }
[5113]              ; Bearbeiter: Haiduk, Norbert
Offset =       0    ; Offset
Memory =       8    ; EEFullBlock
PStufe =       2    ; ST
Service =      2    ; Block neu initialisieren
Version =      0    ; Version
DataSize =    150   ; Anzahl der Datenbytes
Data     {
0xFF 0xFF 0xFF 0xFF 0xFF 0xFF 0xFF 0xFF 0xFF 0xFF 
0xFF 0xFF 0xFF 0xFF 0xFF 0xFF 0xFF 0xFF 0xFF 0xFF 
0xFF 0xFF 0xFF 0xFF 0xFF 0xFF 0xFF 0xFF 0xFF 0xFF 
0xFF 0xFF 0xFF 0xFF 0xFF 0xFF 0xFF 0xFF 0xFF 0xFF 
0xFF 0xFF 0xFF 0xFF 0xFF 0xFF 0xFF 0xFF 0xFF 0xFF 
0xFF 0xFF 0xFF 0xFF 0xFF 0xFF 0xFF 0xFF 0xFF 0xFF 
0xFF 0xFF 0xFF 0xFF 0xFF 0xFF 0xFF 0xFF 0xFF 0xFF 
0xFF 0xFF 0xFF 0xFF 0xFF 0xFF 0xFF 0xFF 0xFF 0xFF 
0xFF 0xFF 0xFF 0xFF 0xFF 0xFF 0xFF 0xFF 0xFF 0xFF 
0xFF 0xFF 0xFF 0xFF 0xFF 0xFF 0xFF 0xFF 0xFF 0xFF 
0xFF 0xFF 0xFF 0xFF 0xFF 0xFF 0xFF 0xFF 0xFF 0xFF 
0xFF 0xFF 0xFF 0xFF 0xFF 0xFF 0xFF 0xFF 0xFF 0xFF 
0xFF 0xFF 0xFF 0xFF 0xFF 0xFF 0xFF 0xFF 0xFF 0xFF 
0xFF 0xFF 0xFF 0xFF 0xFF 0xFF 0xFF 0xFF 0xFF 0xFF 
0xFF 0xFF 0xFF 0xFF 0xFF 0xFF 0xFF 0xFF 0xFF 0xFF
         }
[5112]              ; Bearbeiter: Haiduk, Norbert
Offset =       0    ; Offset
Memory =       8    ; EEFullBlock
PStufe =       2    ; ST
Service =      2    ; Block neu initialisieren
Version =      0    ; Version
DataSize =    150   ; Anzahl der Datenbytes
Data     {
0xFF 0xFF 0xFF 0xFF 0xFF 0xFF 0xFF 0xFF 0xFF 0xFF 
0xFF 0xFF 0xFF 0xFF 0xFF 0xFF 0xFF 0xFF 0xFF 0xFF 
0xFF 0xFF 0xFF 0xFF 0xFF 0xFF 0xFF 0xFF 0xFF 0xFF 
0xFF 0xFF 0xFF 0xFF 0xFF 0xFF 0xFF 0xFF 0xFF 0xFF 
0xFF 0xFF 0xFF 0xFF 0xFF 0xFF 0xFF 0xFF 0xFF 0xFF 
0xFF 0xFF 0xFF 0xFF 0xFF 0xFF 0xFF 0xFF 0xFF 0xFF 
0xFF 0xFF 0xFF 0xFF 0xFF 0xFF 0xFF 0xFF 0xFF 0xFF 
0xFF 0xFF 0xFF 0xFF 0xFF 0xFF 0xFF 0xFF 0xFF 0xFF 
0xFF 0xFF 0xFF 0xFF 0xFF 0xFF 0xFF 0xFF 0xFF 0xFF 
0xFF 0xFF 0xFF 0xFF 0xFF 0xFF 0xFF 0xFF 0xFF 0xFF 
0xFF 0xFF 0xFF 0xFF 0xFF 0xFF 0xFF 0xFF 0xFF 0xFF 
0xFF 0xFF 0xFF 0xFF 0xFF 0xFF 0xFF 0xFF 0xFF 0xFF 
0xFF 0xFF 0xFF 0xFF 0xFF 0xFF 0xFF 0xFF 0xFF 0xFF 
0xFF 0xFF 0xFF 0xFF 0xFF 0xFF 0xFF 0xFF 0xFF 0xFF 
0xFF 0xFF 0xFF 0xFF 0xFF 0xFF 0xFF 0xFF 0xFF 0xFF
         }
[5111]              ; Bearbeiter: Haiduk, Norbert
Offset =       0    ; Offset
Memory =       8    ; EEFullBlock
PStufe =       2    ; ST
Service =      2    ; Block neu initialisieren
Version =      0    ; Version
DataSize =    150   ; Anzahl der Datenbytes
Data     {
0xFF 0xFF 0xFF 0xFF 0xFF 0xFF 0xFF 0xFF 0xFF 0xFF 
0xFF 0xFF 0xFF 0xFF 0xFF 0xFF 0xFF 0xFF 0xFF 0xFF 
0xFF 0xFF 0xFF 0xFF 0xFF 0xFF 0xFF 0xFF 0xFF 0xFF 
0xFF 0xFF 0xFF 0xFF 0xFF 0xFF 0xFF 0xFF 0xFF 0xFF 
0xFF 0xFF 0xFF 0xFF 0xFF 0xFF 0xFF 0xFF 0xFF 0xFF 
0xFF 0xFF 0xFF 0xFF 0xFF 0xFF 0xFF 0xFF 0xFF 0xFF 
0xFF 0xFF 0xFF 0xFF 0xFF 0xFF 0xFF 0xFF 0xFF 0xFF 
0xFF 0xFF 0xFF 0xFF 0xFF 0xFF 0xFF 0xFF 0xFF 0xFF 
0xFF 0xFF 0xFF 0xFF 0xFF 0xFF 0xFF 0xFF 0xFF 0xFF 
0xFF 0xFF 0xFF 0xFF 0xFF 0xFF 0xFF 0xFF 0xFF 0xFF 
0xFF 0xFF 0xFF 0xFF 0xFF 0xFF 0xFF 0xFF 0xFF 0xFF 
0xFF 0xFF 0xFF 0xFF 0xFF 0xFF 0xFF 0xFF 0xFF 0xFF 
0xFF 0xFF 0xFF 0xFF 0xFF 0xFF 0xFF 0xFF 0xFF 0xFF 
0xFF 0xFF 0xFF 0xFF 0xFF 0xFF 0xFF 0xFF 0xFF 0xFF 
0xFF 0xFF 0xFF 0xFF 0xFF 0xFF 0xFF 0xFF 0xFF 0xFF
         }
[5110]              ; Bearbeiter: Haiduk, Norbert
Offset =       0    ; Offset
Memory =       8    ; EEFullBlock
PStufe =       2    ; ST
Service =      2    ; Block neu initialisieren
Version =      0    ; Version
DataSize =    150   ; Anzahl der Datenbytes
Data     {
0xFF 0xFF 0xFF 0xFF 0xFF 0xFF 0xFF 0xFF 0xFF 0xFF 
0xFF 0xFF 0xFF 0xFF 0xFF 0xFF 0xFF 0xFF 0xFF 0xFF 
0xFF 0xFF 0xFF 0xFF 0xFF 0xFF 0xFF 0xFF 0xFF 0xFF 
0xFF 0xFF 0xFF 0xFF 0xFF 0xFF 0xFF 0xFF 0xFF 0xFF 
0xFF 0xFF 0xFF 0xFF 0xFF 0xFF 0xFF 0xFF 0xFF 0xFF 
0xFF 0xFF 0xFF 0xFF 0xFF 0xFF 0xFF 0xFF 0xFF 0xFF 
0xFF 0xFF 0xFF 0xFF 0xFF 0xFF 0xFF 0xFF 0xFF 0xFF 
0xFF 0xFF 0xFF 0xFF 0xFF 0xFF 0xFF 0xFF 0xFF 0xFF 
0xFF 0xFF 0xFF 0xFF 0xFF 0xFF 0xFF 0xFF 0xFF 0xFF 
0xFF 0xFF 0xFF 0xFF 0xFF 0xFF 0xFF 0xFF 0xFF 0xFF 
0xFF 0xFF 0xFF 0xFF 0xFF 0xFF 0xFF 0xFF 0xFF 0xFF 
0xFF 0xFF 0xFF 0xFF 0xFF 0xFF 0xFF 0xFF 0xFF 0xFF 
0xFF 0xFF 0xFF 0xFF 0xFF 0xFF 0xFF 0xFF 0xFF 0xFF 
0xFF 0xFF 0xFF 0xFF 0xFF 0xFF 0xFF 0xFF 0xFF 0xFF 
0xFF 0xFF 0xFF 0xFF 0xFF 0xFF 0xFF 0xFF 0xFF 0xFF
         }
[5109]              ; Bearbeiter: Haiduk, Norbert
Offset =       0    ; Offset
Memory =       8    ; EEFullBlock
PStufe =       2    ; ST
Service =      2    ; Block neu initialisieren
Version =      0    ; Version
DataSize =    150   ; Anzahl der Datenbytes
Data     {
0xFF 0xFF 0xFF 0xFF 0xFF 0xFF 0xFF 0xFF 0xFF 0xFF 
0xFF 0xFF 0xFF 0xFF 0xFF 0xFF 0xFF 0xFF 0xFF 0xFF 
0xFF 0xFF 0xFF 0xFF 0xFF 0xFF 0xFF 0xFF 0xFF 0xFF 
0xFF 0xFF 0xFF 0xFF 0xFF 0xFF 0xFF 0xFF 0xFF 0xFF 
0xFF 0xFF 0xFF 0xFF 0xFF 0xFF 0xFF 0xFF 0xFF 0xFF 
0xFF 0xFF 0xFF 0xFF 0xFF 0xFF 0xFF 0xFF 0xFF 0xFF 
0xFF 0xFF 0xFF 0xFF 0xFF 0xFF 0xFF 0xFF 0xFF 0xFF 
0xFF 0xFF 0xFF 0xFF 0xFF 0xFF 0xFF 0xFF 0xFF 0xFF 
0xFF 0xFF 0xFF 0xFF 0xFF 0xFF 0xFF 0xFF 0xFF 0xFF 
0xFF 0xFF 0xFF 0xFF 0xFF 0xFF 0xFF 0xFF 0xFF 0xFF 
0xFF 0xFF 0xFF 0xFF 0xFF 0xFF 0xFF 0xFF 0xFF 0xFF 
0xFF 0xFF 0xFF 0xFF 0xFF 0xFF 0xFF 0xFF 0xFF 0xFF 
0xFF 0xFF 0xFF 0xFF 0xFF 0xFF 0xFF 0xFF 0xFF 0xFF 
0xFF 0xFF 0xFF 0xFF 0xFF 0xFF 0xFF 0xFF 0xFF 0xFF 
0xFF 0xFF 0xFF 0xFF 0xFF 0xFF 0xFF 0xFF 0xFF 0xFF
         }
[5108]              ; Bearbeiter: Haiduk, Norbert
Offset =       0    ; Offset
Memory =       8    ; EEFullBlock
PStufe =       2    ; ST
Service =      2    ; Block neu initialisieren
Version =      0    ; Version
DataSize =    150   ; Anzahl der Datenbytes
Data     {
0xFF 0xFF 0xFF 0xFF 0xFF 0xFF 0xFF 0xFF 0xFF 0xFF 
0xFF 0xFF 0xFF 0xFF 0xFF 0xFF 0xFF 0xFF 0xFF 0xFF 
0xFF 0xFF 0xFF 0xFF 0xFF 0xFF 0xFF 0xFF 0xFF 0xFF 
0xFF 0xFF 0xFF 0xFF 0xFF 0xFF 0xFF 0xFF 0xFF 0xFF 
0xFF 0xFF 0xFF 0xFF 0xFF 0xFF 0xFF 0xFF 0xFF 0xFF 
0xFF 0xFF 0xFF 0xFF 0xFF 0xFF 0xFF 0xFF 0xFF 0xFF 
0xFF 0xFF 0xFF 0xFF 0xFF 0xFF 0xFF 0xFF 0xFF 0xFF 
0xFF 0xFF 0xFF 0xFF 0xFF 0xFF 0xFF 0xFF 0xFF 0xFF 
0xFF 0xFF 0xFF 0xFF 0xFF 0xFF 0xFF 0xFF 0xFF 0xFF 
0xFF 0xFF 0xFF 0xFF 0xFF 0xFF 0xFF 0xFF 0xFF 0xFF 
0xFF 0xFF 0xFF 0xFF 0xFF 0xFF 0xFF 0xFF 0xFF 0xFF 
0xFF 0xFF 0xFF 0xFF 0xFF 0xFF 0xFF 0xFF 0xFF 0xFF 
0xFF 0xFF 0xFF 0xFF 0xFF 0xFF 0xFF 0xFF 0xFF 0xFF 
0xFF 0xFF 0xFF 0xFF 0xFF 0xFF 0xFF 0xFF 0xFF 0xFF 
0xFF 0xFF 0xFF 0xFF 0xFF 0xFF 0xFF 0xFF 0xFF 0xFF
         }
[5097]              ; Bearbeiter: G. Stˆckl
Offset =       0    ; Offset
Memory =       8    ; EEFullBlock
PStufe =       2    ; ST
Service =      2    ; Block neu initialisieren
Version =      0    ; Version
DataSize =     16   ; Anzahl der Datenbytes
Data     {
0xFF 0xFF 0xFF 0xFF 0xFF 0xFF 0xFF 0xFF 0xFF 0xFF 
0xFF 0xFF 0xFF 0xFF 0xFF 0xFF
         }
[5093]              ; Bearbeiter: Christian Schmitz
Offset =       0    ; Offset
Memory =       8    ; EEFullBlock
PStufe =       2    ; ST
Service =      0    ; Block nicht beachten
Version =      0    ; Version
DataSize =     28   ; Anzahl der Datenbytes
Data     {
0xFF 0xFF 0xFF 0xFF 0xFF 0xFF 0xFF 0xFF 0xFF 0xFF 
0xFF 0xFF 0xFF 0xFF 0xFF 0xFF 0xFF 0xFF 0xFF 0xFF 
0xFF 0xFF 0xFF 0xFF 0xFF 0xFF 0xFF 0xFF
         }
[5092]              ; Bearbeiter: M. Maas
Offset =       0    ; Offset
Memory =       8    ; EEFullBlock
PStufe =       2    ; ST
Service =      2    ; Block neu initialisieren
Version =      0    ; Version
DataSize =     12   ; Anzahl der Datenbytes
Data     {
0xFF 0xFF 0xFF 0xFF 0xFF 0xFF 0xFF 0xFF 0xFF 0xFF 
0xFF 0xFF
         }
[5085]              ; Bearbeiter: T. Gaugler
Offset =       0    ; Offset
Memory =       8    ; EEFullBlock
PStufe =       2    ; ST
Service =      0    ; Block nicht beachten
Version =      0    ; Version
DataSize =    202   ; Anzahl der Datenbytes
Data     {
0xFF 0xFF 0xFF 0xFF 0xFF 0xFF 0xFF 0xFF 0xFF 0xFF 
0xFF 0xFF 0xFF 0xFF 0xFF 0xFF 0xFF 0xFF 0xFF 0xFF 
0xFF 0xFF 0xFF 0xFF 0xFF 0xFF 0xFF 0xFF 0xFF 0xFF 
0xFF 0xFF 0xFF 0xFF 0xFF 0xFF 0xFF 0xFF 0xFF 0xFF 
0xFF 0xFF 0xFF 0xFF 0xFF 0xFF 0xFF 0xFF 0xFF 0xFF 
0xFF 0xFF 0xFF 0xFF 0xFF 0xFF 0xFF 0xFF 0xFF 0xFF 
0xFF 0xFF 0xFF 0xFF 0xFF 0xFF 0xFF 0xFF 0xFF 0xFF 
0xFF 0xFF 0xFF 0xFF 0xFF 0xFF 0xFF 0xFF 0xFF 0xFF 
0xFF 0xFF 0xFF 0xFF 0xFF 0xFF 0xFF 0xFF 0xFF 0xFF 
0xFF 0xFF 0xFF 0xFF 0xFF 0xFF 0xFF 0xFF 0xFF 0xFF 
0xFF 0xFF 0xFF 0xFF 0xFF 0xFF 0xFF 0xFF 0xFF 0xFF 
0xFF 0xFF 0xFF 0xFF 0xFF 0xFF 0xFF 0xFF 0xFF 0xFF 
0xFF 0xFF 0xFF 0xFF 0xFF 0xFF 0xFF 0xFF 0xFF 0xFF 
0xFF 0xFF 0xFF 0xFF 0xFF 0xFF 0xFF 0xFF 0xFF 0xFF 
0xFF 0xFF 0xFF 0xFF 0xFF 0xFF 0xFF 0xFF 0xFF 0xFF 
0xFF 0xFF 0xFF 0xFF 0xFF 0xFF 0xFF 0xFF 0xFF 0xFF 
0xFF 0xFF 0xFF 0xFF 0xFF 0xFF 0xFF 0xFF 0xFF 0xFF 
0xFF 0xFF 0xFF 0xFF 0xFF 0xFF 0xFF 0xFF 0xFF 0xFF 
0xFF 0xFF 0xFF 0xFF 0xFF 0xFF 0xFF 0xFF 0xFF 0xFF 
0xFF 0xFF 0xFF 0xFF 0xFF 0xFF 0xFF 0xFF 0xFF 0xFF 
0xFF 0xFF
         }
[5084]              ; Bearbeiter: T. Gaugler
Offset =       0    ; Offset
Memory =       8    ; EEFullBlock
PStufe =       2    ; ST
Service =      0    ; Block nicht beachten
Version =      0    ; Version
DataSize =    172   ; Anzahl der Datenbytes
Data     {
0xFF 0xFF 0xFF 0xFF 0xFF 0xFF 0xFF 0xFF 0xFF 0xFF 
0xFF 0xFF 0xFF 0xFF 0xFF 0xFF 0xFF 0xFF 0xFF 0xFF 
0xFF 0xFF 0xFF 0xFF 0xFF 0xFF 0xFF 0xFF 0xFF 0xFF 
0xFF 0xFF 0xFF 0xFF 0xFF 0xFF 0xFF 0xFF 0xFF 0xFF 
0xFF 0xFF 0xFF 0xFF 0xFF 0xFF 0xFF 0xFF 0xFF 0xFF 
0xFF 0xFF 0xFF 0xFF 0xFF 0xFF 0xFF 0xFF 0xFF 0xFF 
0xFF 0xFF 0xFF 0xFF 0xFF 0xFF 0xFF 0xFF 0xFF 0xFF 
0xFF 0xFF 0xFF 0xFF 0xFF 0xFF 0xFF 0xFF 0xFF 0xFF 
0xFF 0xFF 0xFF 0xFF 0xFF 0xFF 0xFF 0xFF 0xFF 0xFF 
0xFF 0xFF 0xFF 0xFF 0xFF 0xFF 0xFF 0xFF 0xFF 0xFF 
0xFF 0xFF 0xFF 0xFF 0xFF 0xFF 0xFF 0xFF 0xFF 0xFF 
0xFF 0xFF 0xFF 0xFF 0xFF 0xFF 0xFF 0xFF 0xFF 0xFF 
0xFF 0xFF 0xFF 0xFF 0xFF 0xFF 0xFF 0xFF 0xFF 0xFF 
0xFF 0xFF 0xFF 0xFF 0xFF 0xFF 0xFF 0xFF 0xFF 0xFF 
0xFF 0xFF 0xFF 0xFF 0xFF 0xFF 0xFF 0xFF 0xFF 0xFF 
0xFF 0xFF 0xFF 0xFF 0xFF 0xFF 0xFF 0xFF 0xFF 0xFF 
0xFF 0xFF 0xFF 0xFF 0xFF 0xFF 0xFF 0xFF 0xFF 0xFF 
0xFF 0xFF
         }
[5082]              ; Bearbeiter: N. Haiduk
Offset =       0    ; Offset
Memory =       8    ; EEFullBlock
PStufe =       2    ; ST
Service =      2    ; Block neu initialisieren
Version =      1    ; Version
DataSize =    200   ; Anzahl der Datenbytes
Data     {
0xFF 0xFF 0xFF 0xFF 0xFF 0xFF 0xFF 0xFF 0xFF 0xFF 
0xFF 0xFF 0xFF 0xFF 0xFF 0xFF 0xFF 0xFF 0xFF 0xFF 
0xFF 0xFF 0xFF 0xFF 0xFF 0xFF 0xFF 0xFF 0xFF 0xFF 
0xFF 0xFF 0xFF 0xFF 0xFF 0xFF 0xFF 0xFF 0xFF 0xFF 
0xFF 0xFF 0xFF 0xFF 0xFF 0xFF 0xFF 0xFF 0xFF 0xFF 
0xFF 0xFF 0xFF 0xFF 0xFF 0xFF 0xFF 0xFF 0xFF 0xFF 
0xFF 0xFF 0xFF 0xFF 0xFF 0xFF 0xFF 0xFF 0xFF 0xFF 
0xFF 0xFF 0xFF 0xFF 0xFF 0xFF 0xFF 0xFF 0xFF 0xFF 
0xFF 0xFF 0xFF 0xFF 0xFF 0xFF 0xFF 0xFF 0xFF 0xFF 
0xFF 0xFF 0xFF 0xFF 0xFF 0xFF 0xFF 0xFF 0xFF 0xFF 
0xFF 0xFF 0xFF 0xFF 0xFF 0xFF 0xFF 0xFF 0xFF 0xFF 
0xFF 0xFF 0xFF 0xFF 0xFF 0xFF 0xFF 0xFF 0xFF 0xFF 
0xFF 0xFF 0xFF 0xFF 0xFF 0xFF 0xFF 0xFF 0xFF 0xFF 
0xFF 0xFF 0xFF 0xFF 0xFF 0xFF 0xFF 0xFF 0xFF 0xFF 
0xFF 0xFF 0xFF 0xFF 0xFF 0xFF 0xFF 0xFF 0xFF 0xFF 
0xFF 0xFF 0xFF 0xFF 0xFF 0xFF 0xFF 0xFF 0xFF 0xFF 
0xFF 0xFF 0xFF 0xFF 0xFF 0xFF 0xFF 0xFF 0xFF 0xFF 
0xFF 0xFF 0xFF 0xFF 0xFF 0xFF 0xFF 0xFF 0xFF 0xFF 
0xFF 0xFF 0xFF 0xFF 0xFF 0xFF 0xFF 0xFF 0xFF 0xFF 
0xFF 0xFF 0xFF 0xFF 0xFF 0xFF 0xFF 0xFF 0xFF 0xFF
         }
[5081]              ; Bearbeiter: A. Leontarakis
Offset =       0    ; Offset
Memory =       8    ; EEFullBlock
PStufe =       2    ; ST
Service =      2    ; Block neu initialisieren
Version =      0    ; Version
DataSize =    242   ; Anzahl der Datenbytes
Data     {
0xFF 0xFF 0xFF 0xFF 0xFF 0xFF 0xFF 0xFF 0xFF 0xFF 
0xFF 0xFF 0xFF 0xFF 0xFF 0xFF 0xFF 0xFF 0xFF 0xFF 
0xFF 0xFF 0xFF 0xFF 0xFF 0xFF 0xFF 0xFF 0xFF 0xFF 
0xFF 0xFF 0xFF 0xFF 0xFF 0xFF 0xFF 0xFF 0xFF 0xFF 
0xFF 0xFF 0xFF 0xFF 0xFF 0xFF 0xFF 0xFF 0xFF 0xFF 
0xFF 0xFF 0xFF 0xFF 0xFF 0xFF 0xFF 0xFF 0xFF 0xFF 
0xFF 0xFF 0xFF 0xFF 0xFF 0xFF 0xFF 0xFF 0xFF 0xFF 
0xFF 0xFF 0xFF 0xFF 0xFF 0xFF 0xFF 0xFF 0xFF 0xFF 
0xFF 0xFF 0xFF 0xFF 0xFF 0xFF 0xFF 0xFF 0xFF 0xFF 
0xFF 0xFF 0xFF 0xFF 0xFF 0xFF 0xFF 0xFF 0xFF 0xFF 
0xFF 0xFF 0xFF 0xFF 0xFF 0xFF 0xFF 0xFF 0xFF 0xFF 
0xFF 0xFF 0xFF 0xFF 0xFF 0xFF 0xFF 0xFF 0xFF 0xFF 
0xFF 0xFF 0xFF 0xFF 0xFF 0xFF 0xFF 0xFF 0xFF 0xFF 
0xFF 0xFF 0xFF 0xFF 0xFF 0xFF 0xFF 0xFF 0xFF 0xFF 
0xFF 0xFF 0xFF 0xFF 0xFF 0xFF 0xFF 0xFF 0xFF 0xFF 
0xFF 0xFF 0xFF 0xFF 0xFF 0xFF 0xFF 0xFF 0xFF 0xFF 
0xFF 0xFF 0xFF 0xFF 0xFF 0xFF 0xFF 0xFF 0xFF 0xFF 
0xFF 0xFF 0xFF 0xFF 0xFF 0xFF 0xFF 0xFF 0xFF 0xFF 
0xFF 0xFF 0xFF 0xFF 0xFF 0xFF 0xFF 0xFF 0xFF 0xFF 
0xFF 0xFF 0xFF 0xFF 0xFF 0xFF 0xFF 0xFF 0xFF 0xFF 
0xFF 0xFF 0xFF 0xFF 0xFF 0xFF 0xFF 0xFF 0xFF 0xFF 
0xFF 0xFF 0xFF 0xFF 0xFF 0xFF 0xFF 0xFF 0xFF 0xFF 
0xFF 0xFF 0xFF 0xFF 0xFF 0xFF 0xFF 0xFF 0xFF 0xFF 
0xFF 0xFF 0xFF 0xFF 0xFF 0xFF 0xFF 0xFF 0xFF 0xFF 
0xFF 0xFF
         }
[5080]              ; Bearbeiter: A. Leontarakis
Offset =       0    ; Offset
Memory =       8    ; EEFullBlock
PStufe =       2    ; ST
Service =      2    ; Block neu initialisieren
Version =      0    ; Version
DataSize =     22   ; Anzahl der Datenbytes
Data     {
0xFF 0xFF 0xFF 0xFF 0xFF 0xFF 0xFF 0xFF 0xFF 0xFF 
0xFF 0xFF 0xFF 0xFF 0xFF 0xFF 0xFF 0xFF 0xFF 0xFF 
0xFF 0xFF
         }
[5079]              ; Bearbeiter: S. Burkert
Offset =       0    ; Offset
Memory =       8    ; EEFullBlock
PStufe =       2    ; ST
Service =      2    ; Block neu initialisieren
Version =      0    ; Version
DataSize =   1024   ; Anzahl der Datenbytes
Data     {
0xFF 0xFF 0xFF 0xFF 0xFF 0xFF 0xFF 0xFF 0xFF 0xFF 
0xFF 0xFF 0xFF 0xFF 0xFF 0xFF 0xFF 0xFF 0xFF 0xFF 
0xFF 0xFF 0xFF 0xFF 0xFF 0xFF 0xFF 0xFF 0xFF 0xFF 
0xFF 0xFF 0xFF 0xFF 0xFF 0xFF 0xFF 0xFF 0xFF 0xFF 
0xFF 0xFF 0xFF 0xFF 0xFF 0xFF 0xFF 0xFF 0xFF 0xFF 
0xFF 0xFF 0xFF 0xFF 0xFF 0xFF 0xFF 0xFF 0xFF 0xFF 
0xFF 0xFF 0xFF 0xFF 0xFF 0xFF 0xFF 0xFF 0xFF 0xFF 
0xFF 0xFF 0xFF 0xFF 0xFF 0xFF 0xFF 0xFF 0xFF 0xFF 
0xFF 0xFF 0xFF 0xFF 0xFF 0xFF 0xFF 0xFF 0xFF 0xFF 
0xFF 0xFF 0xFF 0xFF 0xFF 0xFF 0xFF 0xFF 0xFF 0xFF 
0xFF 0xFF 0xFF 0xFF 0xFF 0xFF 0xFF 0xFF 0xFF 0xFF 
0xFF 0xFF 0xFF 0xFF 0xFF 0xFF 0xFF 0xFF 0xFF 0xFF 
0xFF 0xFF 0xFF 0xFF 0xFF 0xFF 0xFF 0xFF 0xFF 0xFF 
0xFF 0xFF 0xFF 0xFF 0xFF 0xFF 0xFF 0xFF 0xFF 0xFF 
0xFF 0xFF 0xFF 0xFF 0xFF 0xFF 0xFF 0xFF 0xFF 0xFF 
0xFF 0xFF 0xFF 0xFF 0xFF 0xFF 0xFF 0xFF 0xFF 0xFF 
0xFF 0xFF 0xFF 0xFF 0xFF 0xFF 0xFF 0xFF 0xFF 0xFF 
0xFF 0xFF 0xFF 0xFF 0xFF 0xFF 0xFF 0xFF 0xFF 0xFF 
0xFF 0xFF 0xFF 0xFF 0xFF 0xFF 0xFF 0xFF 0xFF 0xFF 
0xFF 0xFF 0xFF 0xFF 0xFF 0xFF 0xFF 0xFF 0xFF 0xFF 
0xFF 0xFF 0xFF 0xFF 0xFF 0xFF 0xFF 0xFF 0xFF 0xFF 
0xFF 0xFF 0xFF 0xFF 0xFF 0xFF 0xFF 0xFF 0xFF 0xFF 
0xFF 0xFF 0xFF 0xFF 0xFF 0xFF 0xFF 0xFF 0xFF 0xFF 
0xFF 0xFF 0xFF 0xFF 0xFF 0xFF 0xFF 0xFF 0xFF 0xFF 
0xFF 0xFF 0xFF 0xFF 0xFF 0xFF 0xFF 0xFF 0xFF 0xFF 
0xFF 0xFF 0xFF 0xFF 0xFF 0xFF 0xFF 0xFF 0xFF 0xFF 
0xFF 0xFF 0xFF 0xFF 0xFF 0xFF 0xFF 0xFF 0xFF 0xFF 
0xFF 0xFF 0xFF 0xFF 0xFF 0xFF 0xFF 0xFF 0xFF 0xFF 
0xFF 0xFF 0xFF 0xFF 0xFF 0xFF 0xFF 0xFF 0xFF 0xFF 
0xFF 0xFF 0xFF 0xFF 0xFF 0xFF 0xFF 0xFF 0xFF 0xFF 
0xFF 0xFF 0xFF 0xFF 0xFF 0xFF 0xFF 0xFF 0xFF 0xFF 
0xFF 0xFF 0xFF 0xFF 0xFF 0xFF 0xFF 0xFF 0xFF 0xFF 
0xFF 0xFF 0xFF 0xFF 0xFF 0xFF 0xFF 0xFF 0xFF 0xFF 
0xFF 0xFF 0xFF 0xFF 0xFF 0xFF 0xFF 0xFF 0xFF 0xFF 
0xFF 0xFF 0xFF 0xFF 0xFF 0xFF 0xFF 0xFF 0xFF 0xFF 
0xFF 0xFF 0xFF 0xFF 0xFF 0xFF 0xFF 0xFF 0xFF 0xFF 
0xFF 0xFF 0xFF 0xFF 0xFF 0xFF 0xFF 0xFF 0xFF 0xFF 
0xFF 0xFF 0xFF 0xFF 0xFF 0xFF 0xFF 0xFF 0xFF 0xFF 
0xFF 0xFF 0xFF 0xFF 0xFF 0xFF 0xFF 0xFF 0xFF 0xFF 
0xFF 0xFF 0xFF 0xFF 0xFF 0xFF 0xFF 0xFF 0xFF 0xFF 
0xFF 0xFF 0xFF 0xFF 0xFF 0xFF 0xFF 0xFF 0xFF 0xFF 
0xFF 0xFF 0xFF 0xFF 0xFF 0xFF 0xFF 0xFF 0xFF 0xFF 
0xFF 0xFF 0xFF 0xFF 0xFF 0xFF 0xFF 0xFF 0xFF 0xFF 
0xFF 0xFF 0xFF 0xFF 0xFF 0xFF 0xFF 0xFF 0xFF 0xFF 
0xFF 0xFF 0xFF 0xFF 0xFF 0xFF 0xFF 0xFF 0xFF 0xFF 
0xFF 0xFF 0xFF 0xFF 0xFF 0xFF 0xFF 0xFF 0xFF 0xFF 
0xFF 0xFF 0xFF 0xFF 0xFF 0xFF 0xFF 0xFF 0xFF 0xFF 
0xFF 0xFF 0xFF 0xFF 0xFF 0xFF 0xFF 0xFF 0xFF 0xFF 
0xFF 0xFF 0xFF 0xFF 0xFF 0xFF 0xFF 0xFF 0xFF 0xFF 
0xFF 0xFF 0xFF 0xFF 0xFF 0xFF 0xFF 0xFF 0xFF 0xFF 
0xFF 0xFF 0xFF 0xFF 0xFF 0xFF 0xFF 0xFF 0xFF 0xFF 
0xFF 0xFF 0xFF 0xFF 0xFF 0xFF 0xFF 0xFF 0xFF 0xFF 
0xFF 0xFF 0xFF 0xFF 0xFF 0xFF 0xFF 0xFF 0xFF 0xFF 
0xFF 0xFF 0xFF 0xFF 0xFF 0xFF 0xFF 0xFF 0xFF 0xFF 
0xFF 0xFF 0xFF 0xFF 0xFF 0xFF 0xFF 0xFF 0xFF 0xFF 
0xFF 0xFF 0xFF 0xFF 0xFF 0xFF 0xFF 0xFF 0xFF 0xFF 
0xFF 0xFF 0xFF 0xFF 0xFF 0xFF 0xFF 0xFF 0xFF 0xFF 
0xFF 0xFF 0xFF 0xFF 0xFF 0xFF 0xFF 0xFF 0xFF 0xFF 
0xFF 0xFF 0xFF 0xFF 0xFF 0xFF 0xFF 0xFF 0xFF 0xFF 
0xFF 0xFF 0xFF 0xFF 0xFF 0xFF 0xFF 0xFF 0xFF 0xFF 
0xFF 0xFF 0xFF 0xFF 0xFF 0xFF 0xFF 0xFF 0xFF 0xFF 
0xFF 0xFF 0xFF 0xFF 0xFF 0xFF 0xFF 0xFF 0xFF 0xFF 
0xFF 0xFF 0xFF 0xFF 0xFF 0xFF 0xFF 0xFF 0xFF 0xFF 
0xFF 0xFF 0xFF 0xFF 0xFF 0xFF 0xFF 0xFF 0xFF 0xFF 
0xFF 0xFF 0xFF 0xFF 0xFF 0xFF 0xFF 0xFF 0xFF 0xFF 
0xFF 0xFF 0xFF 0xFF 0xFF 0xFF 0xFF 0xFF 0xFF 0xFF 
0xFF 0xFF 0xFF 0xFF 0xFF 0xFF 0xFF 0xFF 0xFF 0xFF 
0xFF 0xFF 0xFF 0xFF 0xFF 0xFF 0xFF 0xFF 0xFF 0xFF 
0xFF 0xFF 0xFF 0xFF 0xFF 0xFF 0xFF 0xFF 0xFF 0xFF 
0xFF 0xFF 0xFF 0xFF 0xFF 0xFF 0xFF 0xFF 0xFF 0xFF 
0xFF 0xFF 0xFF 0xFF 0xFF 0xFF 0xFF 0xFF 0xFF 0xFF 
0xFF 0xFF 0xFF 0xFF 0xFF 0xFF 0xFF 0xFF 0xFF 0xFF 
0xFF 0xFF 0xFF 0xFF 0xFF 0xFF 0xFF 0xFF 0xFF 0xFF 
0xFF 0xFF 0xFF 0xFF 0xFF 0xFF 0xFF 0xFF 0xFF 0xFF 
0xFF 0xFF 0xFF 0xFF 0xFF 0xFF 0xFF 0xFF 0xFF 0xFF 
0xFF 0xFF 0xFF 0xFF 0xFF 0xFF 0xFF 0xFF 0xFF 0xFF 
0xFF 0xFF 0xFF 0xFF 0xFF 0xFF 0xFF 0xFF 0xFF 0xFF 
0xFF 0xFF 0xFF 0xFF 0xFF 0xFF 0xFF 0xFF 0xFF 0xFF 
0xFF 0xFF 0xFF 0xFF 0xFF 0xFF 0xFF 0xFF 0xFF 0xFF 
0xFF 0xFF 0xFF 0xFF 0xFF 0xFF 0xFF 0xFF 0xFF 0xFF 
0xFF 0xFF 0xFF 0xFF 0xFF 0xFF 0xFF 0xFF 0xFF 0xFF 
0xFF 0xFF 0xFF 0xFF 0xFF 0xFF 0xFF 0xFF 0xFF 0xFF 
0xFF 0xFF 0xFF 0xFF 0xFF 0xFF 0xFF 0xFF 0xFF 0xFF 
0xFF 0xFF 0xFF 0xFF 0xFF 0xFF 0xFF 0xFF 0xFF 0xFF 
0xFF 0xFF 0xFF 0xFF 0xFF 0xFF 0xFF 0xFF 0xFF 0xFF 
0xFF 0xFF 0xFF 0xFF 0xFF 0xFF 0xFF 0xFF 0xFF 0xFF 
0xFF 0xFF 0xFF 0xFF 0xFF 0xFF 0xFF 0xFF 0xFF 0xFF 
0xFF 0xFF 0xFF 0xFF 0xFF 0xFF 0xFF 0xFF 0xFF 0xFF 
0xFF 0xFF 0xFF 0xFF 0xFF 0xFF 0xFF 0xFF 0xFF 0xFF 
0xFF 0xFF 0xFF 0xFF 0xFF 0xFF 0xFF 0xFF 0xFF 0xFF 
0xFF 0xFF 0xFF 0xFF 0xFF 0xFF 0xFF 0xFF 0xFF 0xFF 
0xFF 0xFF 0xFF 0xFF 0xFF 0xFF 0xFF 0xFF 0xFF 0xFF 
0xFF 0xFF 0xFF 0xFF 0xFF 0xFF 0xFF 0xFF 0xFF 0xFF 
0xFF 0xFF 0xFF 0xFF 0xFF 0xFF 0xFF 0xFF 0xFF 0xFF 
0xFF 0xFF 0xFF 0xFF 0xFF 0xFF 0xFF 0xFF 0xFF 0xFF 
0xFF 0xFF 0xFF 0xFF 0xFF 0xFF 0xFF 0xFF 0xFF 0xFF 
0xFF 0xFF 0xFF 0xFF 0xFF 0xFF 0xFF 0xFF 0xFF 0xFF 
0xFF 0xFF 0xFF 0xFF 0xFF 0xFF 0xFF 0xFF 0xFF 0xFF 
0xFF 0xFF 0xFF 0xFF 0xFF 0xFF 0xFF 0xFF 0xFF 0xFF 
0xFF 0xFF 0xFF 0xFF 0xFF 0xFF 0xFF 0xFF 0xFF 0xFF 
0xFF 0xFF 0xFF 0xFF 0xFF 0xFF 0xFF 0xFF 0xFF 0xFF 
0xFF 0xFF 0xFF 0xFF 0xFF 0xFF 0xFF 0xFF 0xFF 0xFF 
0xFF 0xFF 0xFF 0xFF
         }
[5078]              ; Bearbeiter: N. Haiduk
Offset =       0    ; Offset
Memory =       8    ; EEFullBlock
PStufe =       2    ; ST
Service =      2    ; Block neu initialisieren
Version =      1    ; Version
DataSize =     40   ; Anzahl der Datenbytes
Data     {
0xFF 0xFF 0x01 0xFF 0x01 0x03 0xFF 0xFF 0x0C 0xFF 
0xFF 0xFF 0xFF 0xFF 0xFF 0xFF 0xFF 0xFF 0xFF 0xFF 
0xFF 0xFF 0xFF 0xFF 0xFF 0xFF 0xFF 0xFF 0xFF 0xFF 
0xFF 0xFF 0xFF 0xFF 0xFF 0xFF 0xFF 0xFF 0xFF 0xFF
         }
[5076]              ; Bearbeiter: T. Kreﬂler
Offset =       0    ; Offset
Memory =       8    ; EEFullBlock
PStufe =       2    ; ST
Service =      2    ; Block neu initialisieren
Version =      0    ; Version
DataSize =     32   ; Anzahl der Datenbytes
Data     {
0x53 0x69 0x65 0x6D 0x65 0x6E 0x73 0x20 0x43 0x33 
0x35 0xFF 0xFF 0xFF 0xFF 0xFF 0xFF 0xFF 0xFF 0xFF 
0xFF 0xFF 0xFF 0xFF 0xFF 0xFF 0xFF 0xFF 0xFF 0xFF 
0xFF 0xFF
         }
[5075]              ; Bearbeiter: 
Offset =       0    ; Offset
Memory =       8    ; EEFullBlock
PStufe =      16    ; KT
Service =      2    ; Block neu initialisieren
Version =      0    ; Version
DataSize =      8   ; Anzahl der Datenbytes
Data     {
0x80 0xFF 0xFF 0xFD 0xBF 0xFF 0xFF 0xFF
         }
[5074]              ; Bearbeiter: T. Kreﬂler
Offset =       0    ; Offset
Memory =       8    ; EEFullBlock
PStufe =       2    ; ST
Service =      2    ; Block neu initialisieren
Version =      0    ; Version
DataSize =      2   ; Anzahl der Datenbytes
Data     {
0xFF 0xFF
         }
[5071]              ; Bearbeiter: K.-H. Rathgeb
Offset =       0    ; Offset
Memory =       8    ; EEFullBlock
PStufe =       2    ; ST
Service =      2    ; Block neu initialisieren
Version =      0    ; Version
DataSize =    602   ; Anzahl der Datenbytes
Data     {
0xFF 0xFF 0xFF 0xFF 0xFF 0xFF 0xFF 0xFF 0xFF 0xFF 
0xFF 0xFF 0xFF 0xFF 0xFF 0xFF 0xFF 0xFF 0xFF 0xFF 
0xFF 0xFF 0xFF 0xFF 0xFF 0xFF 0xFF 0xFF 0xFF 0xFF 
0xFF 0xFF 0xFF 0xFF 0xFF 0xFF 0xFF 0xFF 0xFF 0xFF 
0xFF 0xFF 0xFF 0xFF 0xFF 0xFF 0xFF 0xFF 0xFF 0xFF 
0xFF 0xFF 0xFF 0xFF 0xFF 0xFF 0xFF 0xFF 0xFF 0xFF 
0xFF 0xFF 0xFF 0xFF 0xFF 0xFF 0xFF 0xFF 0xFF 0xFF 
0xFF 0xFF 0xFF 0xFF 0xFF 0xFF 0xFF 0xFF 0xFF 0xFF 
0xFF 0xFF 0xFF 0xFF 0xFF 0xFF 0xFF 0xFF 0xFF 0xFF 
0xFF 0xFF 0xFF 0xFF 0xFF 0xFF 0xFF 0xFF 0xFF 0xFF 
0xFF 0xFF 0xFF 0xFF 0xFF 0xFF 0xFF 0xFF 0xFF 0xFF 
0xFF 0xFF 0xFF 0xFF 0xFF 0xFF 0xFF 0xFF 0xFF 0xFF 
0xFF 0xFF 0xFF 0xFF 0xFF 0xFF 0xFF 0xFF 0xFF 0xFF 
0xFF 0xFF 0xFF 0xFF 0xFF 0xFF 0xFF 0xFF 0xFF 0xFF 
0xFF 0xFF 0xFF 0xFF 0xFF 0xFF 0xFF 0xFF 0xFF 0xFF 
0xFF 0xFF 0xFF 0xFF 0xFF 0xFF 0xFF 0xFF 0xFF 0xFF 
0xFF 0xFF 0xFF 0xFF 0xFF 0xFF 0xFF 0xFF 0xFF 0xFF 
0xFF 0xFF 0xFF 0xFF 0xFF 0xFF 0xFF 0xFF 0xFF 0xFF 
0xFF 0xFF 0xFF 0xFF 0xFF 0xFF 0xFF 0xFF 0xFF 0xFF 
0xFF 0xFF 0xFF 0xFF 0xFF 0xFF 0xFF 0xFF 0xFF 0xFF 
0xFF 0xFF 0xFF 0xFF 0xFF 0xFF 0xFF 0xFF 0xFF 0xFF 
0xFF 0xFF 0xFF 0xFF 0xFF 0xFF 0xFF 0xFF 0xFF 0xFF 
0xFF 0xFF 0xFF 0xFF 0xFF 0xFF 0xFF 0xFF 0xFF 0xFF 
0xFF 0xFF 0xFF 0xFF 0xFF 0xFF 0xFF 0xFF 0xFF 0xFF 
0xFF 0xFF 0xFF 0xFF 0xFF 0xFF 0xFF 0xFF 0xFF 0xFF 
0xFF 0xFF 0xFF 0xFF 0xFF 0xFF 0xFF 0xFF 0xFF 0xFF 
0xFF 0xFF 0xFF 0xFF 0xFF 0xFF 0xFF 0xFF 0xFF 0xFF 
0xFF 0xFF 0xFF 0xFF 0xFF 0xFF 0xFF 0xFF 0xFF 0xFF 
0xFF 0xFF 0xFF 0xFF 0xFF 0xFF 0xFF 0xFF 0xFF 0xFF 
0xFF 0xFF 0xFF 0xFF 0xFF 0xFF 0xFF 0xFF 0xFF 0xFF 
0xFF 0xFF 0xFF 0xFF 0xFF 0xFF 0xFF 0xFF 0xFF 0xFF 
0xFF 0xFF 0xFF 0xFF 0xFF 0xFF 0xFF 0xFF 0xFF 0xFF 
0xFF 0xFF 0xFF 0xFF 0xFF 0xFF 0xFF 0xFF 0xFF 0xFF 
0xFF 0xFF 0xFF 0xFF 0xFF 0xFF 0xFF 0xFF 0xFF 0xFF 
0xFF 0xFF 0xFF 0xFF 0xFF 0xFF 0xFF 0xFF 0xFF 0xFF 
0xFF 0xFF 0xFF 0xFF 0xFF 0xFF 0xFF 0xFF 0xFF 0xFF 
0xFF 0xFF 0xFF 0xFF 0xFF 0xFF 0xFF 0xFF 0xFF 0xFF 
0xFF 0xFF 0xFF 0xFF 0xFF 0xFF 0xFF 0xFF 0xFF 0xFF 
0xFF 0xFF 0xFF 0xFF 0xFF 0xFF 0xFF 0xFF 0xFF 0xFF 
0xFF 0xFF 0xFF 0xFF 0xFF 0xFF 0xFF 0xFF 0xFF 0xFF 
0xFF 0xFF 0xFF 0xFF 0xFF 0xFF 0xFF 0xFF 0xFF 0xFF 
0xFF 0xFF 0xFF 0xFF 0xFF 0xFF 0xFF 0xFF 0xFF 0xFF 
0xFF 0xFF 0xFF 0xFF 0xFF 0xFF 0xFF 0xFF 0xFF 0xFF 
0xFF 0xFF 0xFF 0xFF 0xFF 0xFF 0xFF 0xFF 0xFF 0xFF 
0xFF 0xFF 0xFF 0xFF 0xFF 0xFF 0xFF 0xFF 0xFF 0xFF 
0xFF 0xFF 0xFF 0xFF 0xFF 0xFF 0xFF 0xFF 0xFF 0xFF 
0xFF 0xFF 0xFF 0xFF 0xFF 0xFF 0xFF 0xFF 0xFF 0xFF 
0xFF 0xFF 0xFF 0xFF 0xFF 0xFF 0xFF 0xFF 0xFF 0xFF 
0xFF 0xFF 0xFF 0xFF 0xFF 0xFF 0xFF 0xFF 0xFF 0xFF 
0xFF 0xFF 0xFF 0xFF 0xFF 0xFF 0xFF 0xFF 0xFF 0xFF 
0xFF 0xFF 0xFF 0xFF 0xFF 0xFF 0xFF 0xFF 0xFF 0xFF 
0xFF 0xFF 0xFF 0xFF 0xFF 0xFF 0xFF 0xFF 0xFF 0xFF 
0xFF 0xFF 0xFF 0xFF 0xFF 0xFF 0xFF 0xFF 0xFF 0xFF 
0xFF 0xFF 0xFF 0xFF 0xFF 0xFF 0xFF 0xFF 0xFF 0xFF 
0xFF 0xFF 0xFF 0xFF 0xFF 0xFF 0xFF 0xFF 0xFF 0xFF 
0xFF 0xFF 0xFF 0xFF 0xFF 0xFF 0xFF 0xFF 0xFF 0xFF 
0xFF 0xFF 0xFF 0xFF 0xFF 0xFF 0xFF 0xFF 0xFF 0xFF 
0xFF 0xFF 0xFF 0xFF 0xFF 0xFF 0xFF 0xFF 0xFF 0xFF 
0xFF 0xFF 0xFF 0xFF 0xFF 0xFF 0xFF 0xFF 0xFF 0xFF 
0xFF 0xFF 0xFF 0xFF 0xFF 0xFF 0xFF 0xFF 0xFF 0xFF 
0xFF 0xFF
         }
[5070]              ; Bearbeiter: T. Kreﬂler
Offset =       0    ; Offset
Memory =       8    ; EEFullBlock
PStufe =      16    ; KT
Service =      2    ; Block neu initialisieren
Version =      0    ; Version
DataSize =     22   ; Anzahl der Datenbytes
Data     {
0xFF 0xFF 0xFF 0xFF 0xFF 0xFF 0xFF 0xFF 0xFF 0xFF 
0xFF 0xFF 0xFF 0xFF 0xFF 0xFF 0xFF 0xFF 0xFF 0xFF 
0xFF 0xFF
         }
[5068]              ; Bearbeiter: B. Weimer
Offset =       0    ; Offset
Memory =       8    ; EEFullBlock
PStufe =       2    ; ST
Service =      2    ; Block neu initialisieren
Version =      0    ; Version
DataSize =     12   ; Anzahl der Datenbytes
Data     {
0xFF 0xFF 0xFF 0xFF 0xFF 0xFF 0xFF 0xFF 0xFF 0xFF 
0x00 0xFF
         }
[5067]              ; Bearbeiter: F. Goldhofer
Offset =       0    ; Offset
Memory =       8    ; EEFullBlock
PStufe =      16    ; KT
Service =      2    ; Block neu initialisieren
Version =      0    ; Version
DataSize =      4   ; Anzahl der Datenbytes
Data     {
0xFF 0xFF 0xFF 0xFF
         }
[5064]              ; Bearbeiter: J.Hofmann
Offset =       0    ; Offset
Memory =       8    ; EEFullBlock
PStufe =      16    ; KT
Service =      4    ; Block mit 0xFF f¸llen
Version =      0    ; Version
DataSize =      2   ; Anzahl der Datenbytes
Data     {
0xFF 0xFF
         }
[5062]              ; Bearbeiter: A. Pr¸ﬂ
Offset =       0    ; Offset
Memory =       8    ; EEFullBlock
PStufe =       2    ; ST
Service =      2    ; Block neu initialisieren
Version =      0    ; Version
DataSize =     70   ; Anzahl der Datenbytes
Data     {
0xFF 0xFF 0xFF 0xFF 0xFF 0xFF 0xFF 0xFF 0xFF 0xFF 
0xFF 0xFF 0xFF 0xFF 0xFF 0xFF 0xFF 0xFF 0xFF 0xFF 
0xFF 0xFF 0xFF 0xFF 0xFF 0xFF 0xFF 0xFF 0xFF 0xFF 
0xFF 0xFF 0xFF 0xFF 0xFF 0xFF 0xFF 0xFF 0xFF 0xFF 
0xFF 0xFF 0xFF 0xFF 0xFF 0xFF 0xFF 0xFF 0xFF 0xFF 
0xFF 0xFF 0xFF 0xFF 0xFF 0xFF 0xFF 0xFF 0xFF 0xFF 
0xFF 0xFF 0xFF 0xFF 0xFF 0xFF 0xFF 0xFF 0xFF 0xFF
         }
[5059]              ; Bearbeiter: G. Stˆckl
Offset =       0    ; Offset
Memory =       8    ; EEFullBlock
PStufe =       2    ; ST
Service =      2    ; Block neu initialisieren
Version =      0    ; Version
DataSize =    220   ; Anzahl der Datenbytes
Data     {
0xFF 0xFF 0xFF 0xFF 0xFF 0xFF 0xFF 0xFF 0xFF 0xFF 
0xFF 0xFF 0xFF 0xFF 0xFF 0xFF 0xFF 0xFF 0xFF 0xFF 
0xFF 0xFF 0xFF 0xFF 0xFF 0xFF 0xFF 0xFF 0xFF 0xFF 
0xFF 0xFF 0xFF 0xFF 0xFF 0xFF 0xFF 0xFF 0xFF 0xFF 
0xFF 0xFF 0xFF 0xFF 0xFF 0xFF 0xFF 0xFF 0xFF 0xFF 
0xFF 0xFF 0xFF 0xFF 0xFF 0xFF 0xFF 0xFF 0xFF 0xFF 
0xFF 0xFF 0xFF 0xFF 0xFF 0xFF 0xFF 0xFF 0xFF 0xFF 
0xFF 0xFF 0xFF 0xFF 0xFF 0xFF 0xFF 0xFF 0xFF 0xFF 
0xFF 0xFF 0xFF 0xFF 0xFF 0xFF 0xFF 0xFF 0xFF 0xFF 
0xFF 0xFF 0xFF 0xFF 0xFF 0xFF 0xFF 0xFF 0xFF 0xFF 
0xFF 0xFF 0xFF 0xFF 0xFF 0xFF 0xFF 0xFF 0xFF 0xFF 
0xFF 0xFF 0xFF 0xFF 0xFF 0xFF 0xFF 0xFF 0xFF 0xFF 
0xFF 0xFF 0xFF 0xFF 0xFF 0xFF 0xFF 0xFF 0xFF 0xFF 
0xFF 0xFF 0xFF 0xFF 0xFF 0xFF 0xFF 0xFF 0xFF 0xFF 
0xFF 0xFF 0xFF 0xFF 0xFF 0xFF 0xFF 0xFF 0xFF 0xFF 
0xFF 0xFF 0xFF 0xFF 0xFF 0xFF 0xFF 0xFF 0xFF 0xFF 
0xFF 0xFF 0xFF 0xFF 0xFF 0xFF 0xFF 0xFF 0xFF 0xFF 
0xFF 0xFF 0xFF 0xFF 0xFF 0xFF 0xFF 0xFF 0xFF 0xFF 
0xFF 0xFF 0xFF 0xFF 0xFF 0xFF 0xFF 0xFF 0xFF 0xFF 
0xFF 0xFF 0xFF 0xFF 0xFF 0xFF 0xFF 0xFF 0xFF 0xFF 
0xFF 0xFF 0xFF 0xFF 0xFF 0xFF 0xFF 0xFF 0xFF 0xFF 
0xFF 0xFF 0xFF 0xFF 0xFF 0xFF 0xFF 0xFF 0xFF 0xFF
         }
[5058]              ; Bearbeiter: M. Jahrstorfer
Offset =       0    ; Offset
Memory =       8    ; EEFullBlock
PStufe =       2    ; ST
Service =      2    ; Block neu initialisieren
Version =      0    ; Version
DataSize =    116   ; Anzahl der Datenbytes
Data     {
0xFF 0xFF 0xFF 0xFF 0xFF 0xFF 0xFF 0xFF 0xFF 0xFF 
0xFF 0xFF 0xFF 0xFF 0xFF 0xFF 0xFF 0xFF 0xFF 0xFF 
0xFF 0xFF 0xFF 0xFF 0xFF 0xFF 0xFF 0xFF 0xFF 0xFF 
0xFF 0xFF 0xFF 0xFF 0xFF 0xFF 0xFF 0xFF 0xFF 0xFF 
0xFF 0xFF 0xFF 0xFF 0xFF 0xFF 0xFF 0xFF 0xFF 0xFF 
0xFF 0xFF 0xFF 0xFF 0xFF 0xFF 0xFF 0xFF 0xFF 0xFF 
0xFF 0xFF 0xFF 0xFF 0xFF 0xFF 0xFF 0xFF 0xFF 0xFF 
0xFF 0xFF 0xFF 0xFF 0xFF 0xFF 0xFF 0xFF 0xFF 0xFF 
0xFF 0xFF 0xFF 0xFF 0xFF 0xFF 0xFF 0xFF 0xFF 0xFF 
0xFF 0xFF 0xFF 0xFF 0xFF 0xFF 0xFF 0xFF 0xFF 0xFF 
0xFF 0xFF 0xFF 0xFF 0xFF 0xFF 0xFF 0xFF 0xFF 0xFF 
0xFF 0xFF 0xFF 0xFF 0xFF 0xFF
         }
[5057]              ; Bearbeiter: T. Kreﬂler
Offset =       0    ; Offset
Memory =       8    ; EEFullBlock
PStufe =       2    ; ST
Service =      2    ; Block neu initialisieren
Version =      1    ; Version
DataSize =    180   ; Anzahl der Datenbytes
Data     {
0xFF 0xFF 0xFF 0xFF 0xFF 0xFF 0xFF 0xFF 0xFF 0xFF 
0xFF 0xFF 0xFF 0xFF 0xFF 0xFF 0xFF 0xFF 0xFF 0xFF 
0xFF 0xFF 0xFF 0xFF 0xFF 0xFF 0xFF 0xFF 0xFF 0xFF 
0xFF 0xFF 0xFF 0xFF 0xFF 0xFF 0xFF 0xFF 0xFF 0xFF 
0xFF 0xFF 0xFF 0xFF 0xFF 0xFF 0xFF 0xFF 0xFF 0xFF 
0xFF 0xFF 0xFF 0xFF 0xFF 0xFF 0xFF 0xFF 0xFF 0xFF 
0xFF 0xFF 0xFF 0xFF 0xFF 0xFF 0xFF 0xFF 0xFF 0xFF 
0xFF 0xFF 0xFF 0xFF 0xFF 0xFF 0xFF 0xFF 0xFF 0xFF 
0xFF 0xFF 0xFF 0xFF 0xFF 0xFF 0xFF 0xFF 0xFF 0xFF 
0xFF 0xFF 0xFF 0xFF 0xFF 0xFF 0xFF 0xFF 0xFF 0xFF 
0xFF 0xFF 0xFF 0xFF 0xFF 0xFF 0xFF 0xFF 0xFF 0xFF 
0xFF 0xFF 0xFF 0xFF 0xFF 0xFF 0xFF 0xFF 0xFF 0xFF 
0xFF 0xFF 0xFF 0xFF 0xFF 0xFF 0xFF 0xFF 0xFF 0xFF 
0xFF 0xFF 0xFF 0xFF 0xFF 0xFF 0xFF 0xFF 0xFF 0xFF 
0xFF 0xFF 0xFF 0xFF 0xFF 0xFF 0xFF 0xFF 0xFF 0xFF 
0xFF 0xFF 0xFF 0xFF 0xFF 0xFF 0xFF 0xFF 0xFF 0xFF 
0xFF 0xFF 0xFF 0xFF 0xFF 0xFF 0xFF 0xFF 0xFF 0xFF 
0xFF 0xFF 0xFF 0xFF 0xFF 0xFF 0xFF 0xFF 0xFF 0xFF
         }
[5056]              ; Bearbeiter: T. Kreﬂler
Offset =       0    ; Offset
Memory =       8    ; EEFullBlock
PStufe =       2    ; ST
Service =      2    ; Block neu initialisieren
Version =      0    ; Version
DataSize =    150   ; Anzahl der Datenbytes
Data     {
0xFF 0xFF 0xFF 0xFF 0xFF 0xFF 0xFF 0xFF 0xFF 0xFF 
0xFF 0xFF 0xFF 0xFF 0xFF 0xFF 0xFF 0xFF 0xFF 0xFF 
0xFF 0xFF 0xFF 0xFF 0xFF 0xFF 0xFF 0xFF 0xFF 0xFF 
0xFF 0xFF 0xFF 0xFF 0xFF 0xFF 0xFF 0xFF 0xFF 0xFF 
0xFF 0xFF 0xFF 0xFF 0xFF 0xFF 0xFF 0xFF 0xFF 0xFF 
0xFF 0xFF 0xFF 0xFF 0xFF 0xFF 0xFF 0xFF 0xFF 0xFF 
0xFF 0xFF 0xFF 0xFF 0xFF 0xFF 0xFF 0xFF 0xFF 0xFF 
0xFF 0xFF 0xFF 0xFF 0xFF 0xFF 0xFF 0xFF 0xFF 0xFF 
0xFF 0xFF 0xFF 0xFF 0xFF 0xFF 0xFF 0xFF 0xFF 0xFF 
0xFF 0xFF 0xFF 0xFF 0xFF 0xFF 0xFF 0xFF 0xFF 0xFF 
0xFF 0xFF 0xFF 0xFF 0xFF 0xFF 0xFF 0xFF 0xFF 0xFF 
0xFF 0xFF 0xFF 0xFF 0xFF 0xFF 0xFF 0xFF 0xFF 0xFF 
0xFF 0xFF 0xFF 0xFF 0xFF 0xFF 0xFF 0xFF 0xFF 0xFF 
0xFF 0xFF 0xFF 0xFF 0xFF 0xFF 0xFF 0xFF 0xFF 0xFF 
0xFF 0xFF 0xFF 0xFF 0xFF 0xFF 0xFF 0xFF 0xFF 0xFF
         }
[5055]              ; Bearbeiter: T. Kreﬂler
Offset =       0    ; Offset
Memory =       8    ; EEFullBlock
PStufe =       2    ; ST
Service =      2    ; Block neu initialisieren
Version =      0    ; Version
DataSize =    150   ; Anzahl der Datenbytes
Data     {
0xFF 0xFF 0xFF 0xFF 0xFF 0xFF 0xFF 0xFF 0xFF 0xFF 
0xFF 0xFF 0xFF 0xFF 0xFF 0xFF 0xFF 0xFF 0xFF 0xFF 
0xFF 0xFF 0xFF 0xFF 0xFF 0xFF 0xFF 0xFF 0xFF 0xFF 
0xFF 0xFF 0xFF 0xFF 0xFF 0xFF 0xFF 0xFF 0xFF 0xFF 
0xFF 0xFF 0xFF 0xFF 0xFF 0xFF 0xFF 0xFF 0xFF 0xFF 
0xFF 0xFF 0xFF 0xFF 0xFF 0xFF 0xFF 0xFF 0xFF 0xFF 
0xFF 0xFF 0xFF 0xFF 0xFF 0xFF 0xFF 0xFF 0xFF 0xFF 
0xFF 0xFF 0xFF 0xFF 0xFF 0xFF 0xFF 0xFF 0xFF 0xFF 
0xFF 0xFF 0xFF 0xFF 0xFF 0xFF 0xFF 0xFF 0xFF 0xFF 
0xFF 0xFF 0xFF 0xFF 0xFF 0xFF 0xFF 0xFF 0xFF 0xFF 
0xFF 0xFF 0xFF 0xFF 0xFF 0xFF 0xFF 0xFF 0xFF 0xFF 
0xFF 0xFF 0xFF 0xFF 0xFF 0xFF 0xFF 0xFF 0xFF 0xFF 
0xFF 0xFF 0xFF 0xFF 0xFF 0xFF 0xFF 0xFF 0xFF 0xFF 
0xFF 0xFF 0xFF 0xFF 0xFF 0xFF 0xFF 0xFF 0xFF 0xFF 
0xFF 0xFF 0xFF 0xFF 0xFF 0xFF 0xFF 0xFF 0xFF 0xFF
         }
[5054]              ; Bearbeiter: T. Kreﬂler
Offset =       0    ; Offset
Memory =       8    ; EEFullBlock
PStufe =       2    ; ST
Service =      2    ; Block neu initialisieren
Version =      0    ; Version
DataSize =    150   ; Anzahl der Datenbytes
Data     {
0xFF 0xFF 0xFF 0xFF 0xFF 0xFF 0xFF 0xFF 0xFF 0xFF 
0xFF 0xFF 0xFF 0xFF 0xFF 0xFF 0xFF 0xFF 0xFF 0xFF 
0xFF 0xFF 0xFF 0xFF 0xFF 0xFF 0xFF 0xFF 0xFF 0xFF 
0xFF 0xFF 0xFF 0xFF 0xFF 0xFF 0xFF 0xFF 0xFF 0xFF 
0xFF 0xFF 0xFF 0xFF 0xFF 0xFF 0xFF 0xFF 0xFF 0xFF 
0xFF 0xFF 0xFF 0xFF 0xFF 0xFF 0xFF 0xFF 0xFF 0xFF 
0xFF 0xFF 0xFF 0xFF 0xFF 0xFF 0xFF 0xFF 0xFF 0xFF 
0xFF 0xFF 0xFF 0xFF 0xFF 0xFF 0xFF 0xFF 0xFF 0xFF 
0xFF 0xFF 0xFF 0xFF 0xFF 0xFF 0xFF 0xFF 0xFF 0xFF 
0xFF 0xFF 0xFF 0xFF 0xFF 0xFF 0xFF 0xFF 0xFF 0xFF 
0xFF 0xFF 0xFF 0xFF 0xFF 0xFF 0xFF 0xFF 0xFF 0xFF 
0xFF 0xFF 0xFF 0xFF 0xFF 0xFF 0xFF 0xFF 0xFF 0xFF 
0xFF 0xFF 0xFF 0xFF 0xFF 0xFF 0xFF 0xFF 0xFF 0xFF 
0xFF 0xFF 0xFF 0xFF 0xFF 0xFF 0xFF 0xFF 0xFF 0xFF 
0xFF 0xFF 0xFF 0xFF 0xFF 0xFF 0xFF 0xFF 0xFF 0xFF
         }
[5053]              ; Bearbeiter: T. Kreﬂler
Offset =       0    ; Offset
Memory =       8    ; EEFullBlock
PStufe =       2    ; ST
Service =      2    ; Block neu initialisieren
Version =      0    ; Version
DataSize =    150   ; Anzahl der Datenbytes
Data     {
0xFF 0xFF 0xFF 0xFF 0xFF 0xFF 0xFF 0xFF 0xFF 0xFF 
0xFF 0xFF 0xFF 0xFF 0xFF 0xFF 0xFF 0xFF 0xFF 0xFF 
0xFF 0xFF 0xFF 0xFF 0xFF 0xFF 0xFF 0xFF 0xFF 0xFF 
0xFF 0xFF 0xFF 0xFF 0xFF 0xFF 0xFF 0xFF 0xFF 0xFF 
0xFF 0xFF 0xFF 0xFF 0xFF 0xFF 0xFF 0xFF 0xFF 0xFF 
0xFF 0xFF 0xFF 0xFF 0xFF 0xFF 0xFF 0xFF 0xFF 0xFF 
0xFF 0xFF 0xFF 0xFF 0xFF 0xFF 0xFF 0xFF 0xFF 0xFF 
0xFF 0xFF 0xFF 0xFF 0xFF 0xFF 0xFF 0xFF 0xFF 0xFF 
0xFF 0xFF 0xFF 0xFF 0xFF 0xFF 0xFF 0xFF 0xFF 0xFF 
0xFF 0xFF 0xFF 0xFF 0xFF 0xFF 0xFF 0xFF 0xFF 0xFF 
0xFF 0xFF 0xFF 0xFF 0xFF 0xFF 0xFF 0xFF 0xFF 0xFF 
0xFF 0xFF 0xFF 0xFF 0xFF 0xFF 0xFF 0xFF 0xFF 0xFF 
0xFF 0xFF 0xFF 0xFF 0xFF 0xFF 0xFF 0xFF 0xFF 0xFF 
0xFF 0xFF 0xFF 0xFF 0xFF 0xFF 0xFF 0xFF 0xFF 0xFF 
0xFF 0xFF 0xFF 0xFF 0xFF 0xFF 0xFF 0xFF 0xFF 0xFF
         }
[5052]              ; Bearbeiter: T. Kreﬂler
Offset =       0    ; Offset
Memory =       8    ; EEFullBlock
PStufe =       2    ; ST
Service =      2    ; Block neu initialisieren
Version =      0    ; Version
DataSize =    150   ; Anzahl der Datenbytes
Data     {
0xFF 0xFF 0xFF 0xFF 0xFF 0xFF 0xFF 0xFF 0xFF 0xFF 
0xFF 0xFF 0xFF 0xFF 0xFF 0xFF 0xFF 0xFF 0xFF 0xFF 
0xFF 0xFF 0xFF 0xFF 0xFF 0xFF 0xFF 0xFF 0xFF 0xFF 
0xFF 0xFF 0xFF 0xFF 0xFF 0xFF 0xFF 0xFF 0xFF 0xFF 
0xFF 0xFF 0xFF 0xFF 0xFF 0xFF 0xFF 0xFF 0xFF 0xFF 
0xFF 0xFF 0xFF 0xFF 0xFF 0xFF 0xFF 0xFF 0xFF 0xFF 
0xFF 0xFF 0xFF 0xFF 0xFF 0xFF 0xFF 0xFF 0xFF 0xFF 
0xFF 0xFF 0xFF 0xFF 0xFF 0xFF 0xFF 0xFF 0xFF 0xFF 
0xFF 0xFF 0xFF 0xFF 0xFF 0xFF 0xFF 0xFF 0xFF 0xFF 
0xFF 0xFF 0xFF 0xFF 0xFF 0xFF 0xFF 0xFF 0xFF 0xFF 
0xFF 0xFF 0xFF 0xFF 0xFF 0xFF 0xFF 0xFF 0xFF 0xFF 
0xFF 0xFF 0xFF 0xFF 0xFF 0xFF 0xFF 0xFF 0xFF 0xFF 
0xFF 0xFF 0xFF 0xFF 0xFF 0xFF 0xFF 0xFF 0xFF 0xFF 
0xFF 0xFF 0xFF 0xFF 0xFF 0xFF 0xFF 0xFF 0xFF 0xFF 
0xFF 0xFF 0xFF 0xFF 0xFF 0xFF 0xFF 0xFF 0xFF 0xFF
         }
[5051]              ; Bearbeiter: T. Kreﬂler
Offset =       0    ; Offset
Memory =       8    ; EEFullBlock
PStufe =       2    ; ST
Service =      2    ; Block neu initialisieren
Version =      0    ; Version
DataSize =    150   ; Anzahl der Datenbytes
Data     {
0xFF 0xFF 0xFF 0xFF 0xFF 0xFF 0xFF 0xFF 0xFF 0xFF 
0xFF 0xFF 0xFF 0xFF 0xFF 0xFF 0xFF 0xFF 0xFF 0xFF 
0xFF 0xFF 0xFF 0xFF 0xFF 0xFF 0xFF 0xFF 0xFF 0xFF 
0xFF 0xFF 0xFF 0xFF 0xFF 0xFF 0xFF 0xFF 0xFF 0xFF 
0xFF 0xFF 0xFF 0xFF 0xFF 0xFF 0xFF 0xFF 0xFF 0xFF 
0xFF 0xFF 0xFF 0xFF 0xFF 0xFF 0xFF 0xFF 0xFF 0xFF 
0xFF 0xFF 0xFF 0xFF 0xFF 0xFF 0xFF 0xFF 0xFF 0xFF 
0xFF 0xFF 0xFF 0xFF 0xFF 0xFF 0xFF 0xFF 0xFF 0xFF 
0xFF 0xFF 0xFF 0xFF 0xFF 0xFF 0xFF 0xFF 0xFF 0xFF 
0xFF 0xFF 0xFF 0xFF 0xFF 0xFF 0xFF 0xFF 0xFF 0xFF 
0xFF 0xFF 0xFF 0xFF 0xFF 0xFF 0xFF 0xFF 0xFF 0xFF 
0xFF 0xFF 0xFF 0xFF 0xFF 0xFF 0xFF 0xFF 0xFF 0xFF 
0xFF 0xFF 0xFF 0xFF 0xFF 0xFF 0xFF 0xFF 0xFF 0xFF 
0xFF 0xFF 0xFF 0xFF 0xFF 0xFF 0xFF 0xFF 0xFF 0xFF 
0xFF 0xFF 0xFF 0xFF 0xFF 0xFF 0xFF 0xFF 0xFF 0xFF
         }
[5050]              ; Bearbeiter: T. Kreﬂler
Offset =       0    ; Offset
Memory =       8    ; EEFullBlock
PStufe =       2    ; ST
Service =      2    ; Block neu initialisieren
Version =      0    ; Version
DataSize =    150   ; Anzahl der Datenbytes
Data     {
0xFF 0xFF 0xFF 0xFF 0xFF 0xFF 0xFF 0xFF 0xFF 0xFF 
0xFF 0xFF 0xFF 0xFF 0xFF 0xFF 0xFF 0xFF 0xFF 0xFF 
0xFF 0xFF 0xFF 0xFF 0xFF 0xFF 0xFF 0xFF 0xFF 0xFF 
0xFF 0xFF 0xFF 0xFF 0xFF 0xFF 0xFF 0xFF 0xFF 0xFF 
0xFF 0xFF 0xFF 0xFF 0xFF 0xFF 0xFF 0xFF 0xFF 0xFF 
0xFF 0xFF 0xFF 0xFF 0xFF 0xFF 0xFF 0xFF 0xFF 0xFF 
0xFF 0xFF 0xFF 0xFF 0xFF 0xFF 0xFF 0xFF 0xFF 0xFF 
0xFF 0xFF 0xFF 0xFF 0xFF 0xFF 0xFF 0xFF 0xFF 0xFF 
0xFF 0xFF 0xFF 0xFF 0xFF 0xFF 0xFF 0xFF 0xFF 0xFF 
0xFF 0xFF 0xFF 0xFF 0xFF 0xFF 0xFF 0xFF 0xFF 0xFF 
0xFF 0xFF 0xFF 0xFF 0xFF 0xFF 0xFF 0xFF 0xFF 0xFF 
0xFF 0xFF 0xFF 0xFF 0xFF 0xFF 0xFF 0xFF 0xFF 0xFF 
0xFF 0xFF 0xFF 0xFF 0xFF 0xFF 0xFF 0xFF 0xFF 0xFF 
0xFF 0xFF 0xFF 0xFF 0xFF 0xFF 0xFF 0xFF 0xFF 0xFF 
0xFF 0xFF 0xFF 0xFF 0xFF 0xFF 0xFF 0xFF 0xFF 0xFF
         }
[5049]              ; Bearbeiter: T. Kreﬂler
Offset =       0    ; Offset
Memory =       8    ; EEFullBlock
PStufe =       2    ; ST
Service =      2    ; Block neu initialisieren
Version =      0    ; Version
DataSize =    150   ; Anzahl der Datenbytes
Data     {
0xFF 0xFF 0xFF 0xFF 0xFF 0xFF 0xFF 0xFF 0xFF 0xFF 
0xFF 0xFF 0xFF 0xFF 0xFF 0xFF 0xFF 0xFF 0xFF 0xFF 
0xFF 0xFF 0xFF 0xFF 0xFF 0xFF 0xFF 0xFF 0xFF 0xFF 
0xFF 0xFF 0xFF 0xFF 0xFF 0xFF 0xFF 0xFF 0xFF 0xFF 
0xFF 0xFF 0xFF 0xFF 0xFF 0xFF 0xFF 0xFF 0xFF 0xFF 
0xFF 0xFF 0xFF 0xFF 0xFF 0xFF 0xFF 0xFF 0xFF 0xFF 
0xFF 0xFF 0xFF 0xFF 0xFF 0xFF 0xFF 0xFF 0xFF 0xFF 
0xFF 0xFF 0xFF 0xFF 0xFF 0xFF 0xFF 0xFF 0xFF 0xFF 
0xFF 0xFF 0xFF 0xFF 0xFF 0xFF 0xFF 0xFF 0xFF 0xFF 
0xFF 0xFF 0xFF 0xFF 0xFF 0xFF 0xFF 0xFF 0xFF 0xFF 
0xFF 0xFF 0xFF 0xFF 0xFF 0xFF 0xFF 0xFF 0xFF 0xFF 
0xFF 0xFF 0xFF 0xFF 0xFF 0xFF 0xFF 0xFF 0xFF 0xFF 
0xFF 0xFF 0xFF 0xFF 0xFF 0xFF 0xFF 0xFF 0xFF 0xFF 
0xFF 0xFF 0xFF 0xFF 0xFF 0xFF 0xFF 0xFF 0xFF 0xFF 
0xFF 0xFF 0xFF 0xFF 0xFF 0xFF 0xFF 0xFF 0xFF 0xFF
         }
[5048]              ; Bearbeiter: T. Kreﬂler
Offset =       0    ; Offset
Memory =       8    ; EEFullBlock
PStufe =       2    ; ST
Service =      2    ; Block neu initialisieren
Version =      0    ; Version
DataSize =    150   ; Anzahl der Datenbytes
Data     {
0xFF 0xFF 0xFF 0xFF 0xFF 0xFF 0xFF 0xFF 0xFF 0xFF 
0xFF 0xFF 0xFF 0xFF 0xFF 0xFF 0xFF 0xFF 0xFF 0xFF 
0xFF 0xFF 0xFF 0xFF 0xFF 0xFF 0xFF 0xFF 0xFF 0xFF 
0xFF 0xFF 0xFF 0xFF 0xFF 0xFF 0xFF 0xFF 0xFF 0xFF 
0xFF 0xFF 0xFF 0xFF 0xFF 0xFF 0xFF 0xFF 0xFF 0xFF 
0xFF 0xFF 0xFF 0xFF 0xFF 0xFF 0xFF 0xFF 0xFF 0xFF 
0xFF 0xFF 0xFF 0xFF 0xFF 0xFF 0xFF 0xFF 0xFF 0xFF 
0xFF 0xFF 0xFF 0xFF 0xFF 0xFF 0xFF 0xFF 0xFF 0xFF 
0xFF 0xFF 0xFF 0xFF 0xFF 0xFF 0xFF 0xFF 0xFF 0xFF 
0xFF 0xFF 0xFF 0xFF 0xFF 0xFF 0xFF 0xFF 0xFF 0xFF 
0xFF 0xFF 0xFF 0xFF 0xFF 0xFF 0xFF 0xFF 0xFF 0xFF 
0xFF 0xFF 0xFF 0xFF 0xFF 0xFF 0xFF 0xFF 0xFF 0xFF 
0xFF 0xFF 0xFF 0xFF 0xFF 0xFF 0xFF 0xFF 0xFF 0xFF 
0xFF 0xFF 0xFF 0xFF 0xFF 0xFF 0xFF 0xFF 0xFF 0xFF 
0xFF 0xFF 0xFF 0xFF 0xFF 0xFF 0xFF 0xFF 0xFF 0xFF
         }
[5047]              ; Bearbeiter: T. Kreﬂler
Offset =       0    ; Offset
Memory =       8    ; EEFullBlock
PStufe =       2    ; ST
Service =      2    ; Block neu initialisieren
Version =      0    ; Version
DataSize =    150   ; Anzahl der Datenbytes
Data     {
0xFF 0xFF 0xFF 0xFF 0xFF 0xFF 0xFF 0xFF 0xFF 0xFF 
0xFF 0xFF 0xFF 0xFF 0xFF 0xFF 0xFF 0xFF 0xFF 0xFF 
0xFF 0xFF 0xFF 0xFF 0xFF 0xFF 0xFF 0xFF 0xFF 0xFF 
0xFF 0xFF 0xFF 0xFF 0xFF 0xFF 0xFF 0xFF 0xFF 0xFF 
0xFF 0xFF 0xFF 0xFF 0xFF 0xFF 0xFF 0xFF 0xFF 0xFF 
0xFF 0xFF 0xFF 0xFF 0xFF 0xFF 0xFF 0xFF 0xFF 0xFF 
0xFF 0xFF 0xFF 0xFF 0xFF 0xFF 0xFF 0xFF 0xFF 0xFF 
0xFF 0xFF 0xFF 0xFF 0xFF 0xFF 0xFF 0xFF 0xFF 0xFF 
0xFF 0xFF 0xFF 0xFF 0xFF 0xFF 0xFF 0xFF 0xFF 0xFF 
0xFF 0xFF 0xFF 0xFF 0xFF 0xFF 0xFF 0xFF 0xFF 0xFF 
0xFF 0xFF 0xFF 0xFF 0xFF 0xFF 0xFF 0xFF 0xFF 0xFF 
0xFF 0xFF 0xFF 0xFF 0xFF 0xFF 0xFF 0xFF 0xFF 0xFF 
0xFF 0xFF 0xFF 0xFF 0xFF 0xFF 0xFF 0xFF 0xFF 0xFF 
0xFF 0xFF 0xFF 0xFF 0xFF 0xFF 0xFF 0xFF 0xFF 0xFF 
0xFF 0xFF 0xFF 0xFF 0xFF 0xFF 0xFF 0xFF 0xFF 0xFF
         }
[5046]              ; Bearbeiter: J. Eichholz
Offset =       0    ; Offset
Memory =       8    ; EEFullBlock
PStufe =       2    ; ST
Service =      2    ; Block neu initialisieren
Version =      0    ; Version
DataSize =    150   ; Anzahl der Datenbytes
Data     {
0xFF 0xFF 0xFF 0xFF 0xFF 0xFF 0xFF 0xFF 0xFF 0xFF 
0xFF 0xFF 0xFF 0xFF 0xFF 0xFF 0xFF 0xFF 0xFF 0xFF 
0xFF 0xFF 0xFF 0xFF 0xFF 0xFF 0xFF 0xFF 0xFF 0xFF 
0xFF 0xFF 0xFF 0xFF 0xFF 0xFF 0xFF 0xFF 0xFF 0xFF 
0xFF 0xFF 0xFF 0xFF 0xFF 0xFF 0xFF 0xFF 0xFF 0xFF 
0xFF 0xFF 0xFF 0xFF 0xFF 0xFF 0xFF 0xFF 0xFF 0xFF 
0xFF 0xFF 0xFF 0xFF 0xFF 0xFF 0xFF 0xFF 0xFF 0xFF 
0xFF 0xFF 0xFF 0xFF 0xFF 0xFF 0xFF 0xFF 0xFF 0xFF 
0xFF 0xFF 0xFF 0xFF 0xFF 0xFF 0xFF 0xFF 0xFF 0xFF 
0xFF 0xFF 0xFF 0xFF 0xFF 0xFF 0xFF 0xFF 0xFF 0xFF 
0xFF 0xFF 0xFF 0xFF 0xFF 0xFF 0xFF 0xFF 0xFF 0xFF 
0xFF 0xFF 0xFF 0xFF 0xFF 0xFF 0xFF 0xFF 0xFF 0xFF 
0xFF 0xFF 0xFF 0xFF 0xFF 0xFF 0xFF 0xFF 0xFF 0xFF 
0xFF 0xFF 0xFF 0xFF 0xFF 0xFF 0xFF 0xFF 0xFF 0xFF 
0xFF 0xFF 0xFF 0xFF 0xFF 0xFF 0xFF 0xFF 0xFF 0xFF
         }
[5045]              ; Bearbeiter: J. Eichholz
Offset =       0    ; Offset
Memory =       8    ; EEFullBlock
PStufe =       2    ; ST
Service =      2    ; Block neu initialisieren
Version =      0    ; Version
DataSize =    150   ; Anzahl der Datenbytes
Data     {
0xFF 0xFF 0xFF 0xFF 0xFF 0xFF 0xFF 0xFF 0xFF 0xFF 
0xFF 0xFF 0xFF 0xFF 0xFF 0xFF 0xFF 0xFF 0xFF 0xFF 
0xFF 0xFF 0xFF 0xFF 0xFF 0xFF 0xFF 0xFF 0xFF 0xFF 
0xFF 0xFF 0xFF 0xFF 0xFF 0xFF 0xFF 0xFF 0xFF 0xFF 
0xFF 0xFF 0xFF 0xFF 0xFF 0xFF 0xFF 0xFF 0xFF 0xFF 
0xFF 0xFF 0xFF 0xFF 0xFF 0xFF 0xFF 0xFF 0xFF 0xFF 
0xFF 0xFF 0xFF 0xFF 0xFF 0xFF 0xFF 0xFF 0xFF 0xFF 
0xFF 0xFF 0xFF 0xFF 0xFF 0xFF 0xFF 0xFF 0xFF 0xFF 
0xFF 0xFF 0xFF 0xFF 0xFF 0xFF 0xFF 0xFF 0xFF 0xFF 
0xFF 0xFF 0xFF 0xFF 0xFF 0xFF 0xFF 0xFF 0xFF 0xFF 
0xFF 0xFF 0xFF 0xFF 0xFF 0xFF 0xFF 0xFF 0xFF 0xFF 
0xFF 0xFF 0xFF 0xFF 0xFF 0xFF 0xFF 0xFF 0xFF 0xFF 
0xFF 0xFF 0xFF 0xFF 0xFF 0xFF 0xFF 0xFF 0xFF 0xFF 
0xFF 0xFF 0xFF 0xFF 0xFF 0xFF 0xFF 0xFF 0xFF 0xFF 
0xFF 0xFF 0xFF 0xFF 0xFF 0xFF 0xFF 0xFF 0xFF 0xFF
         }
[5044]              ; Bearbeiter: J. Eichholz
Offset =       0    ; Offset
Memory =       8    ; EEFullBlock
PStufe =       2    ; ST
Service =      2    ; Block neu initialisieren
Version =      0    ; Version
DataSize =    150   ; Anzahl der Datenbytes
Data     {
0xFF 0xFF 0xFF 0xFF 0xFF 0xFF 0xFF 0xFF 0xFF 0xFF 
0xFF 0xFF 0xFF 0xFF 0xFF 0xFF 0xFF 0xFF 0xFF 0xFF 
0xFF 0xFF 0xFF 0xFF 0xFF 0xFF 0xFF 0xFF 0xFF 0xFF 
0xFF 0xFF 0xFF 0xFF 0xFF 0xFF 0xFF 0xFF 0xFF 0xFF 
0xFF 0xFF 0xFF 0xFF 0xFF 0xFF 0xFF 0xFF 0xFF 0xFF 
0xFF 0xFF 0xFF 0xFF 0xFF 0xFF 0xFF 0xFF 0xFF 0xFF 
0xFF 0xFF 0xFF 0xFF 0xFF 0xFF 0xFF 0xFF 0xFF 0xFF 
0xFF 0xFF 0xFF 0xFF 0xFF 0xFF 0xFF 0xFF 0xFF 0xFF 
0xFF 0xFF 0xFF 0xFF 0xFF 0xFF 0xFF 0xFF 0xFF 0xFF 
0xFF 0xFF 0xFF 0xFF 0xFF 0xFF 0xFF 0xFF 0xFF 0xFF 
0xFF 0xFF 0xFF 0xFF 0xFF 0xFF 0xFF 0xFF 0xFF 0xFF 
0xFF 0xFF 0xFF 0xFF 0xFF 0xFF 0xFF 0xFF 0xFF 0xFF 
0xFF 0xFF 0xFF 0xFF 0xFF 0xFF 0xFF 0xFF 0xFF 0xFF 
0xFF 0xFF 0xFF 0xFF 0xFF 0xFF 0xFF 0xFF 0xFF 0xFF 
0xFF 0xFF 0xFF 0xFF 0xFF 0xFF 0xFF 0xFF 0xFF 0xFF
         }
[5043]              ; Bearbeiter: J. Eichholz
Offset =       0    ; Offset
Memory =       8    ; EEFullBlock
PStufe =       2    ; ST
Service =      2    ; Block neu initialisieren
Version =      0    ; Version
DataSize =    150   ; Anzahl der Datenbytes
Data     {
0xFF 0xFF 0xFF 0xFF 0xFF 0xFF 0xFF 0xFF 0xFF 0xFF 
0xFF 0xFF 0xFF 0xFF 0xFF 0xFF 0xFF 0xFF 0xFF 0xFF 
0xFF 0xFF 0xFF 0xFF 0xFF 0xFF 0xFF 0xFF 0xFF 0xFF 
0xFF 0xFF 0xFF 0xFF 0xFF 0xFF 0xFF 0xFF 0xFF 0xFF 
0xFF 0xFF 0xFF 0xFF 0xFF 0xFF 0xFF 0xFF 0xFF 0xFF 
0xFF 0xFF 0xFF 0xFF 0xFF 0xFF 0xFF 0xFF 0xFF 0xFF 
0xFF 0xFF 0xFF 0xFF 0xFF 0xFF 0xFF 0xFF 0xFF 0xFF 
0xFF 0xFF 0xFF 0xFF 0xFF 0xFF 0xFF 0xFF 0xFF 0xFF 
0xFF 0xFF 0xFF 0xFF 0xFF 0xFF 0xFF 0xFF 0xFF 0xFF 
0xFF 0xFF 0xFF 0xFF 0xFF 0xFF 0xFF 0xFF 0xFF 0xFF 
0xFF 0xFF 0xFF 0xFF 0xFF 0xFF 0xFF 0xFF 0xFF 0xFF 
0xFF 0xFF 0xFF 0xFF 0xFF 0xFF 0xFF 0xFF 0xFF 0xFF 
0xFF 0xFF 0xFF 0xFF 0xFF 0xFF 0xFF 0xFF 0xFF 0xFF 
0xFF 0xFF 0xFF 0xFF 0xFF 0xFF 0xFF 0xFF 0xFF 0xFF 
0xFF 0xFF 0xFF 0xFF 0xFF 0xFF 0xFF 0xFF 0xFF 0xFF
         }
[5042]              ; Bearbeiter: J. Eichholz
Offset =       0    ; Offset
Memory =       8    ; EEFullBlock
PStufe =       2    ; ST
Service =      2    ; Block neu initialisieren
Version =      0    ; Version
DataSize =    150   ; Anzahl der Datenbytes
Data     {
0xFF 0xFF 0xFF 0xFF 0xFF 0xFF 0xFF 0xFF 0xFF 0xFF 
0xFF 0xFF 0xFF 0xFF 0xFF 0xFF 0xFF 0xFF 0xFF 0xFF 
0xFF 0xFF 0xFF 0xFF 0xFF 0xFF 0xFF 0xFF 0xFF 0xFF 
0xFF 0xFF 0xFF 0xFF 0xFF 0xFF 0xFF 0xFF 0xFF 0xFF 
0xFF 0xFF 0xFF 0xFF 0xFF 0xFF 0xFF 0xFF 0xFF 0xFF 
0xFF 0xFF 0xFF 0xFF 0xFF 0xFF 0xFF 0xFF 0xFF 0xFF 
0xFF 0xFF 0xFF 0xFF 0xFF 0xFF 0xFF 0xFF 0xFF 0xFF 
0xFF 0xFF 0xFF 0xFF 0xFF 0xFF 0xFF 0xFF 0xFF 0xFF 
0xFF 0xFF 0xFF 0xFF 0xFF 0xFF 0xFF 0xFF 0xFF 0xFF 
0xFF 0xFF 0xFF 0xFF 0xFF 0xFF 0xFF 0xFF 0xFF 0xFF 
0xFF 0xFF 0xFF 0xFF 0xFF 0xFF 0xFF 0xFF 0xFF 0xFF 
0xFF 0xFF 0xFF 0xFF 0xFF 0xFF 0xFF 0xFF 0xFF 0xFF 
0xFF 0xFF 0xFF 0xFF 0xFF 0xFF 0xFF 0xFF 0xFF 0xFF 
0xFF 0xFF 0xFF 0xFF 0xFF 0xFF 0xFF 0xFF 0xFF 0xFF 
0xFF 0xFF 0xFF 0xFF 0xFF 0xFF 0xFF 0xFF 0xFF 0xFF
         }
[5041]              ; Bearbeiter: J. Eichholz
Offset =       0    ; Offset
Memory =       8    ; EEFullBlock
PStufe =       2    ; ST
Service =      2    ; Block neu initialisieren
Version =      0    ; Version
DataSize =    150   ; Anzahl der Datenbytes
Data     {
0xFF 0xFF 0xFF 0xFF 0xFF 0xFF 0xFF 0xFF 0xFF 0xFF 
0xFF 0xFF 0xFF 0xFF 0xFF 0xFF 0xFF 0xFF 0xFF 0xFF 
0xFF 0xFF 0xFF 0xFF 0xFF 0xFF 0xFF 0xFF 0xFF 0xFF 
0xFF 0xFF 0xFF 0xFF 0xFF 0xFF 0xFF 0xFF 0xFF 0xFF 
0xFF 0xFF 0xFF 0xFF 0xFF 0xFF 0xFF 0xFF 0xFF 0xFF 
0xFF 0xFF 0xFF 0xFF 0xFF 0xFF 0xFF 0xFF 0xFF 0xFF 
0xFF 0xFF 0xFF 0xFF 0xFF 0xFF 0xFF 0xFF 0xFF 0xFF 
0xFF 0xFF 0xFF 0xFF 0xFF 0xFF 0xFF 0xFF 0xFF 0xFF 
0xFF 0xFF 0xFF 0xFF 0xFF 0xFF 0xFF 0xFF 0xFF 0xFF 
0xFF 0xFF 0xFF 0xFF 0xFF 0xFF 0xFF 0xFF 0xFF 0xFF 
0xFF 0xFF 0xFF 0xFF 0xFF 0xFF 0xFF 0xFF 0xFF 0xFF 
0xFF 0xFF 0xFF 0xFF 0xFF 0xFF 0xFF 0xFF 0xFF 0xFF 
0xFF 0xFF 0xFF 0xFF 0xFF 0xFF 0xFF 0xFF 0xFF 0xFF 
0xFF 0xFF 0xFF 0xFF 0xFF 0xFF 0xFF 0xFF 0xFF 0xFF 
0xFF 0xFF 0xFF 0xFF 0xFF 0xFF 0xFF 0xFF 0xFF 0xFF
         }
[5040]              ; Bearbeiter: J. Eichholz
Offset =       0    ; Offset
Memory =       8    ; EEFullBlock
PStufe =       2    ; ST
Service =      2    ; Block neu initialisieren
Version =      0    ; Version
DataSize =     30   ; Anzahl der Datenbytes
Data     {
0xFF 0xFF 0xFF 0xFF 0xFF 0xFF 0xFF 0xFF 0xFF 0xFF 
0xFF 0xFF 0xFF 0xFF 0xFF 0xFF 0xFF 0xFF 0xFF 0xFF 
0xFF 0xFF 0xFF 0xFF 0xFF 0xFF 0xFF 0xFF 0xFF 0xFF
         }
[5039]              ; Bearbeiter: W. Hettich
Offset =       0    ; Offset
Memory =       8    ; EEFullBlock
PStufe =       2    ; ST
Service =      2    ; Block neu initialisieren
Version =      0    ; Version
DataSize =     44   ; Anzahl der Datenbytes
Data     {
0xFF 0xFF 0xFF 0xFF 0xFF 0xFF 0xFF 0xFF 0xFF 0xFF 
0xFF 0xFF 0xFF 0xFF 0xFF 0xFF 0xFF 0xFF 0xFF 0xFF 
0xFF 0xFF 0xFF 0xFF 0xFF 0xFF 0xFF 0xFF 0xFF 0xFF 
0xFF 0xFF 0xFF 0xFF 0xFF 0xFF 0xFF 0xFF 0xFF 0xFF 
0xFF 0xFF 0xFF 0xFF
         }
[5038]              ; Bearbeiter: T. Kreﬂler
Offset =       0    ; Offset
Memory =       8    ; EEFullBlock
PStufe =       2    ; ST
Service =      2    ; Block neu initialisieren
Version =      0    ; Version
DataSize =     42   ; Anzahl der Datenbytes
Data     {
0xFF 0xFF 0xFF 0xFF 0xFF 0xFF 0xFF 0xFF 0xFF 0xFF 
0xFF 0xFF 0xFF 0xFF 0xFF 0xFF 0xFF 0xFF 0xFF 0xFF 
0xFF 0xFF 0xFF 0xFF 0xFF 0xFF 0xFF 0xFF 0xFF 0xFF 
0xFF 0xFF 0xFF 0xFF 0xFF 0xFF 0xFF 0xFF 0xFF 0xFF 
0xFF 0xFF
         }
[5037]              ; Bearbeiter: T. Kreﬂler
Offset =       0    ; Offset
Memory =       8    ; EEFullBlock
PStufe =       2    ; ST
Service =      2    ; Block neu initialisieren
Version =      1    ; Version
DataSize =    228   ; Anzahl der Datenbytes
Data     {
0xFF 0xFF 0xFF 0xFF 0xFF 0xFF 0xFF 0xFF 0xFF 0xFF 
0xFF 0xFF 0xFF 0xFF 0xFF 0xFF 0xFF 0xFF 0xFF 0xFF 
0xFF 0xFF 0xFF 0xFF 0xFF 0xFF 0xFF 0xFF 0xFF 0xFF 
0xFF 0xFF 0xFF 0xFF 0xFF 0xFF 0xFF 0xFF 0xFF 0xFF 
0xFF 0xFF 0xFF 0xFF 0xFF 0xFF 0xFF 0xFF 0xFF 0xFF 
0xFF 0xFF 0xFF 0xFF 0xFF 0xFF 0xFF 0xFF 0xFF 0xFF 
0xFF 0xFF 0xFF 0xFF 0xFF 0xFF 0xFF 0xFF 0xFF 0xFF 
0xFF 0xFF 0xFF 0xFF 0xFF 0xFF 0xFF 0xFF 0xFF 0xFF 
0xFF 0xFF 0xFF 0xFF 0xFF 0xFF 0xFF 0xFF 0xFF 0xFF 
0xFF 0xFF 0xFF 0xFF 0xFF 0xFF 0xFF 0xFF 0xFF 0xFF 
0xFF 0xFF 0xFF 0xFF 0xFF 0xFF 0xFF 0xFF 0xFF 0xFF 
0xFF 0xFF 0xFF 0xFF 0xFF 0xFF 0xFF 0xFF 0xFF 0xFF 
0xFF 0xFF 0xFF 0xFF 0xFF 0xFF 0xFF 0xFF 0xFF 0xFF 
0xFF 0xFF 0xFF 0xFF 0xFF 0xFF 0xFF 0xFF 0xFF 0xFF 
0xFF 0xFF 0xFF 0xFF 0xFF 0xFF 0xFF 0xFF 0xFF 0xFF 
0xFF 0xFF 0xFF 0xFF 0xFF 0xFF 0xFF 0xFF 0xFF 0xFF 
0xFF 0xFF 0xFF 0xFF 0xFF 0xFF 0xFF 0xFF 0xFF 0xFF 
0xFF 0xFF 0xFF 0xFF 0xFF 0xFF 0xFF 0xFF 0xFF 0xFF 
0xFF 0xFF 0xFF 0xFF 0xFF 0xFF 0xFF 0xFF 0xFF 0xFF 
0xFF 0xFF 0xFF 0xFF 0xFF 0xFF 0xFF 0xFF 0xFF 0xFF 
0xFF 0xFF 0xFF 0xFF 0xFF 0xFF 0xFF 0xFF 0xFF 0xFF 
0xFF 0xFF 0xFF 0xFF 0xFF 0xFF 0xFF 0xFF 0xFF 0xFF 
0xFF 0xFF 0xFF 0xFF 0x01 0x00 0xFF 0xFF
         }
[5036]              ; Bearbeiter: T. Kreﬂler
Offset =       0    ; Offset
Memory =       8    ; EEFullBlock
PStufe =       2    ; ST
Service =      2    ; Block neu initialisieren
Version =      0    ; Version
DataSize =    240   ; Anzahl der Datenbytes
Data     {
0xFF 0xFF 0xFF 0xFF 0xFF 0xFF 0xFF 0xFF 0xFF 0xFF 
0xFF 0xFF 0xFF 0xFF 0xFF 0xFF 0xFF 0xFF 0xFF 0xFF 
0xFF 0xFF 0xFF 0xFF 0xFF 0xFF 0xFF 0xFF 0xFF 0xFF 
0xFF 0xFF 0xFF 0xFF 0xFF 0xFF 0xFF 0xFF 0xFF 0xFF 
0xFF 0xFF 0xFF 0xFF 0xFF 0xFF 0xFF 0xFF 0xFF 0xFF 
0xFF 0xFF 0xFF 0xFF 0xFF 0xFF 0xFF 0xFF 0xFF 0xFF 
0xFF 0xFF 0xFF 0xFF 0xFF 0xFF 0xFF 0xFF 0xFF 0xFF 
0xFF 0xFF 0xFF 0xFF 0xFF 0xFF 0xFF 0xFF 0xFF 0xFF 
0xFF 0xFF 0xFF 0xFF 0xFF 0xFF 0xFF 0xFF 0xFF 0xFF 
0xFF 0xFF 0xFF 0xFF 0xFF 0xFF 0xFF 0xFF 0xFF 0xFF 
0xFF 0xFF 0xFF 0xFF 0xFF 0xFF 0xFF 0xFF 0xFF 0xFF 
0xFF 0xFF 0xFF 0xFF 0xFF 0xFF 0xFF 0xFF 0xFF 0xFF 
0xFF 0xFF 0xFF 0xFF 0xFF 0xFF 0xFF 0xFF 0xFF 0xFF 
0xFF 0xFF 0xFF 0xFF 0xFF 0xFF 0xFF 0xFF 0xFF 0xFF 
0xFF 0xFF 0xFF 0xFF 0xFF 0xFF 0xFF 0xFF 0xFF 0xFF 
0xFF 0xFF 0xFF 0xFF 0xFF 0xFF 0xFF 0xFF 0xFF 0xFF 
0xFF 0xFF 0xFF 0xFF 0xFF 0xFF 0xFF 0xFF 0xFF 0xFF 
0xFF 0xFF 0xFF 0xFF 0xFF 0xFF 0xFF 0xFF 0xFF 0xFF 
0xFF 0xFF 0xFF 0xFF 0xFF 0xFF 0xFF 0xFF 0xFF 0xFF 
0xFF 0xFF 0xFF 0xFF 0xFF 0xFF 0xFF 0xFF 0xFF 0xFF 
0xFF 0xFF 0xFF 0xFF 0xFF 0xFF 0xFF 0xFF 0xFF 0xFF 
0xFF 0xFF 0xFF 0xFF 0xFF 0xFF 0xFF 0xFF 0xFF 0xFF 
0xFF 0xFF 0xFF 0xFF 0xFF 0xFF 0xFF 0xFF 0xFF 0xFF 
0xFF 0xFF 0xFF 0xFF 0xFF 0xFF 0xFF 0xFF 0xFF 0xFF
         }
[5035]              ; Bearbeiter: T. Kreﬂler
Offset =       0    ; Offset
Memory =       8    ; EEFullBlock
PStufe =       2    ; ST
Service =      2    ; Block neu initialisieren
Version =      0    ; Version
DataSize =    240   ; Anzahl der Datenbytes
Data     {
0xFF 0xFF 0xFF 0xFF 0xFF 0xFF 0xFF 0xFF 0xFF 0xFF 
0xFF 0xFF 0xFF 0xFF 0xFF 0xFF 0xFF 0xFF 0xFF 0xFF 
0xFF 0xFF 0xFF 0xFF 0xFF 0xFF 0xFF 0xFF 0xFF 0xFF 
0xFF 0xFF 0xFF 0xFF 0xFF 0xFF 0xFF 0xFF 0xFF 0xFF 
0xFF 0xFF 0xFF 0xFF 0xFF 0xFF 0xFF 0xFF 0xFF 0xFF 
0xFF 0xFF 0xFF 0xFF 0xFF 0xFF 0xFF 0xFF 0xFF 0xFF 
0xFF 0xFF 0xFF 0xFF 0xFF 0xFF 0xFF 0xFF 0xFF 0xFF 
0xFF 0xFF 0xFF 0xFF 0xFF 0xFF 0xFF 0xFF 0xFF 0xFF 
0xFF 0xFF 0xFF 0xFF 0xFF 0xFF 0xFF 0xFF 0xFF 0xFF 
0xFF 0xFF 0xFF 0xFF 0xFF 0xFF 0xFF 0xFF 0xFF 0xFF 
0xFF 0xFF 0xFF 0xFF 0xFF 0xFF 0xFF 0xFF 0xFF 0xFF 
0xFF 0xFF 0xFF 0xFF 0xFF 0xFF 0xFF 0xFF 0xFF 0xFF 
0xFF 0xFF 0xFF 0xFF 0xFF 0xFF 0xFF 0xFF 0xFF 0xFF 
0xFF 0xFF 0xFF 0xFF 0xFF 0xFF 0xFF 0xFF 0xFF 0xFF 
0xFF 0xFF 0xFF 0xFF 0xFF 0xFF 0xFF 0xFF 0xFF 0xFF 
0xFF 0xFF 0xFF 0xFF 0xFF 0xFF 0xFF 0xFF 0xFF 0xFF 
0xFF 0xFF 0xFF 0xFF 0xFF 0xFF 0xFF 0xFF 0xFF 0xFF 
0xFF 0xFF 0xFF 0xFF 0xFF 0xFF 0xFF 0xFF 0xFF 0xFF 
0xFF 0xFF 0xFF 0xFF 0xFF 0xFF 0xFF 0xFF 0xFF 0xFF 
0xFF 0xFF 0xFF 0xFF 0xFF 0xFF 0xFF 0xFF 0xFF 0xFF 
0xFF 0xFF 0xFF 0xFF 0xFF 0xFF 0xFF 0xFF 0xFF 0xFF 
0xFF 0xFF 0xFF 0xFF 0xFF 0xFF 0xFF 0xFF 0xFF 0xFF 
0xFF 0xFF 0xFF 0xFF 0xFF 0xFF 0xFF 0xFF 0xFF 0xFF 
0xFF 0xFF 0xFF 0xFF 0xFF 0xFF 0xFF 0xFF 0xFF 0xFF
         }
[5034]              ; Bearbeiter: T. Kreﬂler
Offset =       0    ; Offset
Memory =       8    ; EEFullBlock
PStufe =       2    ; ST
Service =      2    ; Block neu initialisieren
Version =      0    ; Version
DataSize =    240   ; Anzahl der Datenbytes
Data     {
0xFF 0xFF 0xFF 0xFF 0xFF 0xFF 0xFF 0xFF 0xFF 0xFF 
0xFF 0xFF 0xFF 0xFF 0xFF 0xFF 0xFF 0xFF 0xFF 0xFF 
0xFF 0xFF 0xFF 0xFF 0xFF 0xFF 0xFF 0xFF 0xFF 0xFF 
0xFF 0xFF 0xFF 0xFF 0xFF 0xFF 0xFF 0xFF 0xFF 0xFF 
0xFF 0xFF 0xFF 0xFF 0xFF 0xFF 0xFF 0xFF 0xFF 0xFF 
0xFF 0xFF 0xFF 0xFF 0xFF 0xFF 0xFF 0xFF 0xFF 0xFF 
0xFF 0xFF 0xFF 0xFF 0xFF 0xFF 0xFF 0xFF 0xFF 0xFF 
0xFF 0xFF 0xFF 0xFF 0xFF 0xFF 0xFF 0xFF 0xFF 0xFF 
0xFF 0xFF 0xFF 0xFF 0xFF 0xFF 0xFF 0xFF 0xFF 0xFF 
0xFF 0xFF 0xFF 0xFF 0xFF 0xFF 0xFF 0xFF 0xFF 0xFF 
0xFF 0xFF 0xFF 0xFF 0xFF 0xFF 0xFF 0xFF 0xFF 0xFF 
0xFF 0xFF 0xFF 0xFF 0xFF 0xFF 0xFF 0xFF 0xFF 0xFF 
0xFF 0xFF 0xFF 0xFF 0xFF 0xFF 0xFF 0xFF 0xFF 0xFF 
0xFF 0xFF 0xFF 0xFF 0xFF 0xFF 0xFF 0xFF 0xFF 0xFF 
0xFF 0xFF 0xFF 0xFF 0xFF 0xFF 0xFF 0xFF 0xFF 0xFF 
0xFF 0xFF 0xFF 0xFF 0xFF 0xFF 0xFF 0xFF 0xFF 0xFF 
0xFF 0xFF 0xFF 0xFF 0xFF 0xFF 0xFF 0xFF 0xFF 0xFF 
0xFF 0xFF 0xFF 0xFF 0xFF 0xFF 0xFF 0xFF 0xFF 0xFF 
0xFF 0xFF 0xFF 0xFF 0xFF 0xFF 0xFF 0xFF 0xFF 0xFF 
0xFF 0xFF 0xFF 0xFF 0xFF 0xFF 0xFF 0xFF 0xFF 0xFF 
0xFF 0xFF 0xFF 0xFF 0xFF 0xFF 0xFF 0xFF 0xFF 0xFF 
0xFF 0xFF 0xFF 0xFF 0xFF 0xFF 0xFF 0xFF 0xFF 0xFF 
0xFF 0xFF 0xFF 0xFF 0xFF 0xFF 0xFF 0xFF 0xFF 0xFF 
0xFF 0xFF 0xFF 0xFF 0xFF 0xFF 0xFF 0xFF 0xFF 0xFF
         }
[5033]              ; Bearbeiter: T. Kreﬂler
Offset =       0    ; Offset
Memory =       8    ; EEFullBlock
PStufe =       2    ; ST
Service =      2    ; Block neu initialisieren
Version =      0    ; Version
DataSize =    240   ; Anzahl der Datenbytes
Data     {
0xFF 0xFF 0xFF 0xFF 0xFF 0xFF 0xFF 0xFF 0xFF 0xFF 
0xFF 0xFF 0xFF 0xFF 0xFF 0xFF 0xFF 0xFF 0xFF 0xFF 
0xFF 0xFF 0xFF 0xFF 0xFF 0xFF 0xFF 0xFF 0xFF 0xFF 
0xFF 0xFF 0xFF 0xFF 0xFF 0xFF 0xFF 0xFF 0xFF 0xFF 
0xFF 0xFF 0xFF 0xFF 0xFF 0xFF 0xFF 0xFF 0xFF 0xFF 
0xFF 0xFF 0xFF 0xFF 0xFF 0xFF 0xFF 0xFF 0xFF 0xFF 
0xFF 0xFF 0xFF 0xFF 0xFF 0xFF 0xFF 0xFF 0xFF 0xFF 
0xFF 0xFF 0xFF 0xFF 0xFF 0xFF 0xFF 0xFF 0xFF 0xFF 
0xFF 0xFF 0xFF 0xFF 0xFF 0xFF 0xFF 0xFF 0xFF 0xFF 
0xFF 0xFF 0xFF 0xFF 0xFF 0xFF 0xFF 0xFF 0xFF 0xFF 
0xFF 0xFF 0xFF 0xFF 0xFF 0xFF 0xFF 0xFF 0xFF 0xFF 
0xFF 0xFF 0xFF 0xFF 0xFF 0xFF 0xFF 0xFF 0xFF 0xFF 
0xFF 0xFF 0xFF 0xFF 0xFF 0xFF 0xFF 0xFF 0xFF 0xFF 
0xFF 0xFF 0xFF 0xFF 0xFF 0xFF 0xFF 0xFF 0xFF 0xFF 
0xFF 0xFF 0xFF 0xFF 0xFF 0xFF 0xFF 0xFF 0xFF 0xFF 
0xFF 0xFF 0xFF 0xFF 0xFF 0xFF 0xFF 0xFF 0xFF 0xFF 
0xFF 0xFF 0xFF 0xFF 0xFF 0xFF 0xFF 0xFF 0xFF 0xFF 
0xFF 0xFF 0xFF 0xFF 0xFF 0xFF 0xFF 0xFF 0xFF 0xFF 
0xFF 0xFF 0xFF 0xFF 0xFF 0xFF 0xFF 0xFF 0xFF 0xFF 
0xFF 0xFF 0xFF 0xFF 0xFF 0xFF 0xFF 0xFF 0xFF 0xFF 
0xFF 0xFF 0xFF 0xFF 0xFF 0xFF 0xFF 0xFF 0xFF 0xFF 
0xFF 0xFF 0xFF 0xFF 0xFF 0xFF 0xFF 0xFF 0xFF 0xFF 
0xFF 0xFF 0xFF 0xFF 0xFF 0xFF 0xFF 0xFF 0xFF 0xFF 
0xFF 0xFF 0xFF 0xFF 0xFF 0xFF 0xFF 0xFF 0xFF 0xFF
         }
[5032]              ; Bearbeiter: T. Kreﬂler
Offset =       0    ; Offset
Memory =       8    ; EEFullBlock
PStufe =       2    ; ST
Service =      2    ; Block neu initialisieren
Version =      0    ; Version
DataSize =    216   ; Anzahl der Datenbytes
Data     {
0xFF 0xFF 0xFF 0xFF 0xFF 0xFF 0xFF 0xFF 0xFF 0xFF 
0xFF 0xFF 0xFF 0xFF 0xFF 0xFF 0xFF 0xFF 0xFF 0xFF 
0xFF 0xFF 0xFF 0xFF 0xFF 0xFF 0xFF 0xFF 0xFF 0xFF 
0xFF 0xFF 0xFF 0xFF 0xFF 0xFF 0xFF 0xFF 0xFF 0xFF 
0xFF 0xFF 0xFF 0xFF 0xFF 0xFF 0xFF 0xFF 0xFF 0xFF 
0xFF 0xFF 0xFF 0xFF 0xFF 0xFF 0xFF 0xFF 0xFF 0xFF 
0xFF 0xFF 0xFF 0xFF 0xFF 0xFF 0xFF 0xFF 0xFF 0xFF 
0xFF 0xFF 0xFF 0xFF 0xFF 0xFF 0xFF 0xFF 0xFF 0xFF 
0xFF 0xFF 0xFF 0xFF 0xFF 0xFF 0xFF 0xFF 0xFF 0xFF 
0xFF 0xFF 0xFF 0xFF 0xFF 0xFF 0xFF 0xFF 0xFF 0xFF 
0xFF 0xFF 0xFF 0xFF 0xFF 0xFF 0xFF 0xFF 0xFF 0xFF 
0xFF 0xFF 0xFF 0xFF 0xFF 0xFF 0xFF 0xFF 0xFF 0xFF 
0xFF 0xFF 0xFF 0xFF 0xFF 0xFF 0xFF 0xFF 0xFF 0xFF 
0xFF 0xFF 0xFF 0xFF 0xFF 0xFF 0xFF 0xFF 0xFF 0xFF 
0xFF 0xFF 0xFF 0xFF 0xFF 0xFF 0xFF 0xFF 0xFF 0xFF 
0xFF 0xFF 0xFF 0xFF 0xFF 0xFF 0xFF 0xFF 0xFF 0xFF 
0xFF 0xFF 0xFF 0xFF 0xFF 0xFF 0xFF 0xFF 0xFF 0xFF 
0xFF 0xFF 0xFF 0xFF 0xFF 0xFF 0xFF 0xFF 0xFF 0xFF 
0xFF 0xFF 0xFF 0xFF 0xFF 0xFF 0xFF 0xFF 0xFF 0xFF 
0xFF 0xFF 0xFF 0xFF 0xFF 0xFF 0xFF 0xFF 0xFF 0xFF 
0xFF 0xFF 0xFF 0xFF 0xFF 0xFF 0xFF 0xFF 0xFF 0xFF 
0xFF 0xFF 0xFF 0xFF 0xFF 0xFF
         }
[5031]              ; Bearbeiter: T. Kreﬂler
Offset =       0    ; Offset
Memory =       8    ; EEFullBlock
PStufe =       2    ; ST
Service =      2    ; Block neu initialisieren
Version =      0    ; Version
DataSize =    216   ; Anzahl der Datenbytes
Data     {
0xFF 0xFF 0xFF 0xFF 0xFF 0xFF 0xFF 0xFF 0xFF 0xFF 
0xFF 0xFF 0xFF 0xFF 0xFF 0xFF 0xFF 0xFF 0xFF 0xFF 
0xFF 0xFF 0xFF 0xFF 0xFF 0xFF 0xFF 0xFF 0xFF 0xFF 
0xFF 0xFF 0xFF 0xFF 0xFF 0xFF 0xFF 0xFF 0xFF 0xFF 
0xFF 0xFF 0xFF 0xFF 0xFF 0xFF 0xFF 0xFF 0xFF 0xFF 
0xFF 0xFF 0xFF 0xFF 0xFF 0xFF 0xFF 0xFF 0xFF 0xFF 
0xFF 0xFF 0xFF 0xFF 0xFF 0xFF 0xFF 0xFF 0xFF 0xFF 
0xFF 0xFF 0xFF 0xFF 0xFF 0xFF 0xFF 0xFF 0xFF 0xFF 
0xFF 0xFF 0xFF 0xFF 0xFF 0xFF 0xFF 0xFF 0xFF 0xFF 
0xFF 0xFF 0xFF 0xFF 0xFF 0xFF 0xFF 0xFF 0xFF 0xFF 
0xFF 0xFF 0xFF 0xFF 0xFF 0xFF 0xFF 0xFF 0xFF 0xFF 
0xFF 0xFF 0xFF 0xFF 0xFF 0xFF 0xFF 0xFF 0xFF 0xFF 
0xFF 0xFF 0xFF 0xFF 0xFF 0xFF 0xFF 0xFF 0xFF 0xFF 
0xFF 0xFF 0xFF 0xFF 0xFF 0xFF 0xFF 0xFF 0xFF 0xFF 
0xFF 0xFF 0xFF 0xFF 0xFF 0xFF 0xFF 0xFF 0xFF 0xFF 
0xFF 0xFF 0xFF 0xFF 0xFF 0xFF 0xFF 0xFF 0xFF 0xFF 
0xFF 0xFF 0xFF 0xFF 0xFF 0xFF 0xFF 0xFF 0xFF 0xFF 
0xFF 0xFF 0xFF 0xFF 0xFF 0xFF 0xFF 0xFF 0xFF 0xFF 
0xFF 0xFF 0xFF 0xFF 0xFF 0xFF 0xFF 0xFF 0xFF 0xFF 
0xFF 0xFF 0xFF 0xFF 0xFF 0xFF 0xFF 0xFF 0xFF 0xFF 
0xFF 0xFF 0xFF 0xFF 0xFF 0xFF 0xFF 0xFF 0xFF 0xFF 
0xFF 0xFF 0xFF 0xFF 0xFF 0xFF
         }
[5030]              ; Bearbeiter: T. Kreﬂler
Offset =       0    ; Offset
Memory =       8    ; EEFullBlock
PStufe =       2    ; ST
Service =      2    ; Block neu initialisieren
Version =      0    ; Version
DataSize =     16   ; Anzahl der Datenbytes
Data     {
0xFF 0xFF 0xFF 0xFF 0xFF 0xFF 0xFF 0xFF 0xFF 0xFF 
0xFF 0xFF 0x00 0x01 0xFF 0xFF
         }
[5029]              ; Bearbeiter: T. Kreﬂler
Offset =       0    ; Offset
Memory =       8    ; EEFullBlock
PStufe =       2    ; ST
Service =      2    ; Block neu initialisieren
Version =      0    ; Version
DataSize =     78   ; Anzahl der Datenbytes
Data     {
0xFF 0xFF 0xFF 0xFF 0xFF 0xFF 0xFF 0xFF 0xFF 0xFF 
0xFF 0xFF 0xFF 0xFF 0xFF 0xFF 0xFF 0xFF 0xFF 0xFF 
0xFF 0xFF 0xFF 0xFF 0xFF 0xFF 0xFF 0xFF 0xFF 0xFF 
0xFF 0xFF 0xFF 0xFF 0xFF 0xFF 0xFF 0xFF 0xFF 0xFF 
0xFF 0xFF 0xFF 0xFF 0xFF 0xFF 0xFF 0xFF 0xFF 0xFF 
0xFF 0xFF 0xFF 0xFF 0xFF 0xFF 0xFF 0xFF 0xFF 0xFF 
0xFF 0xFF 0xFF 0xFF 0xFF 0xFF 0xFF 0xFF 0xFF 0xFF 
0xFF 0xFF 0xFF 0xFF 0xFF 0xFF 0xFF 0xFF
         }
[5028]              ; Bearbeiter: T. Kreﬂler
Offset =       0    ; Offset
Memory =       8    ; EEFullBlock
PStufe =       2    ; ST
Service =      2    ; Block neu initialisieren
Version =      0    ; Version
DataSize =     44   ; Anzahl der Datenbytes
Data     {
0xFF 0xFF 0xFF 0xFF 0xFF 0xFF 0xFF 0xFF 0xFF 0xFF 
0xFF 0xFF 0xFF 0xFF 0xFF 0xFF 0xFF 0xFF 0xFF 0xFF 
0xFF 0xFF 0xFF 0xFF 0xFF 0xFF 0xFF 0xFF 0xFF 0xFF 
0xFF 0xFF 0xFF 0xFF 0xFF 0xFF 0xFF 0xFF 0xFF 0xFF 
0xFF 0xFF 0xFF 0xFF
         }
[5026]              ; Bearbeiter: F. Goldhofer
Offset =       0    ; Offset
Memory =       8    ; EEFullBlock
PStufe =      16    ; KT
Service =      2    ; Block neu initialisieren
Version =      0    ; Version
DataSize =     76   ; Anzahl der Datenbytes
Data     {
0xFF 0xFF 0xFF 0xFF 0xFF 0xFF 0xFF 0xFF 0xFF 0xFF 
0xFF 0xFF 0xFF 0xFF 0xFF 0xFF 0xFF 0xFF 0xFF 0xFF 
0xFF 0xFF 0xFF 0xFF 0xFF 0xFF 0xFF 0xFF 0xFF 0xFF 
0xFF 0xFF 0xFF 0xFF 0xFF 0xFF 0xFF 0xFF 0xFF 0xFF 
0xFF 0xFF 0xFF 0xFF 0xFF 0xFF 0xFF 0xFF 0xFF 0xFF 
0xFF 0xFF 0xFF 0xFF 0xFF 0xFF 0xFF 0xFF 0xFF 0xFF 
0xFF 0xFF 0xFF 0xFF 0xFF 0xFF 0xFF 0xFF 0xFF 0xFF 
0xFF 0xFF 0xFF 0xFF 0xFF 0xFF
         }
[5025]              ; Bearbeiter: Ch. Schmitz
Offset =       0    ; Offset
Memory =       8    ; EEFullBlock
PStufe =       2    ; ST
Service =      2    ; Block neu initialisieren
Version =      0    ; Version
DataSize =     20   ; Anzahl der Datenbytes
Data     {
0xFF 0xFF 0xFF 0xFF 0xFF 0xFF 0xFF 0xFF 0xFF 0xFF 
0xFF 0xFF 0xFF 0xFF 0xFF 0xFF 0xFF 0xFF 0xFF 0xFF
         }
[5016]              ; Bearbeiter: F. Goldhofer
Offset =       0    ; Offset
Memory =       8    ; EEFullBlock
PStufe =      16    ; KT
Service =      2    ; Block neu initialisieren
Version =      0    ; Version
DataSize =     56   ; Anzahl der Datenbytes
Data     {
0xFF 0xFF 0xFF 0xFF 0xFF 0xFF 0xFF 0xFF 0xFF 0xFF 
0xFF 0xFF 0xFF 0xFF 0xFF 0xFF 0xFF 0xFF 0xFF 0xFF 
0xFF 0xFF 0xFF 0xFF 0xFF 0xFF 0xFF 0xFF 0xFF 0xFF 
0xFF 0xFF 0xFF 0xFF 0xFF 0xFF 0xFF 0xFF 0xFF 0xFF 
0xFF 0xFF 0xFF 0xFF 0xFF 0xFF 0xFF 0xFF 0xFF 0xFF 
0xFF 0xFF 0xFF 0xFF 0xFF 0xFF
         }
[5015]              ; Bearbeiter: T. Kreﬂler
Offset =       0    ; Offset
Memory =       8    ; EEFullBlock
PStufe =       2    ; ST
Service =      2    ; Block neu initialisieren
Version =      0    ; Version
DataSize =     16   ; Anzahl der Datenbytes
Data     {
0x00 0xA9 0xFF 0x01 0x91 0xFF 0xFF 0xFF 0xFF 0xFF 
0xFF 0xFF 0xFF 0xFF 0xFF 0xE9
         }
[5014]              ; Bearbeiter: T. Kreﬂler
Offset =       0    ; Offset
Memory =       8    ; EEFullBlock
PStufe =      16    ; KT
Service =      2    ; Block neu initialisieren
Version =      2    ; Version
DataSize =     38   ; Anzahl der Datenbytes
Data     {
0xFF 0xFF 0xFF 0xFF 0xFF 0xFF 0xFF 0xFF 0xFF 0xFF 
0xFF 0xFF 0xFF 0xFF 0xFF 0xFF 0xFF 0xFF 0xFF 0xFF 
0xFF 0xFF 0xFF 0xFF 0xFF 0xFF 0xFF 0xFF 0xFF 0xFF 
0xFF 0xFF 0xFF 0xFF 0xFF 0xFF 0xFF 0xFF
         }
[5013]              ; Bearbeiter: K.-H. Rathgeb
Offset =       0    ; Offset
Memory =       8    ; EEFullBlock
PStufe =      16    ; KT
Service =      2    ; Block neu initialisieren
Version =      0    ; Version
DataSize =     36   ; Anzahl der Datenbytes
Data     {
0x00 0x00 0x00 0x00 0x00 0x00 0x02 0x00 0x10 0x10 
0x10 0x10 0x1E 0x1B 0x22 0x22 0x10 0x10 0x10 0x10 
0x1E 0x1B 0x22 0x22 0x24 0x24 0x24 0x24 0x23 0x11 
0x22 0x22 0x34 0x34 0x33 0x33
         }
[5009]              ; Bearbeiter: J. Kuenstner
Offset =       0    ; Offset
Memory =       8    ; EEFullBlock
PStufe =       2    ; ST
Service =      0    ; Block nicht beachten
Version =      0    ; Version
DataSize =     10   ; Anzahl der Datenbytes
Data     {
0x0F 0xD4 0xF2 0x17 0x23 0x78 0x48 0x9D 0x2D 0xA1
         }
[5007]              ; Bearbeiter: J. Riepen
Offset =       0    ; Offset
Memory =       8    ; EEFullBlock
PStufe =       2    ; ST
Service =      0    ; Block nicht beachten
Version =      0    ; Version
DataSize =     10   ; Anzahl der Datenbytes
Data     {
0x1C 0x70 0xFF 0xFF 0xFF 0xFF 0xFF 0x00 0xFF 0xFF
         }
[5006]              ; Bearbeiter: R. Djermester
Offset =       0    ; Offset
Memory =       8    ; EEFullBlock
PStufe =       2    ; ST
Service =      0    ; Block nicht beachten
Version =      0    ; Version
DataSize =     34   ; Anzahl der Datenbytes
Data     {
0x30 0x59 0x1C 0x41 0x1C 0x41 0x00 0x24 0xDC 0xFF 
0x00 0x00 0x00 0x00 0x00 0x00 0x00 0x00 0x00 0x00 
0x00 0x00 0x00 0x00 0x00 0x00 0xA5 0xFF 0x09 0x00 
0x8C 0x0B 0xFF 0x00
         }
[5005]              ; Bearbeiter: Christian Abke (PV)
Offset =       0    ; Offset
Memory =       8    ; EEFullBlock
PStufe =       2    ; ST
Service =      0    ; Block nicht beachten
Version =      1    ; Version
DataSize =     64   ; Anzahl der Datenbytes
Data     {
0xFF 0xFF 0xFF 0x00 0x00 0xFF 0xFF 0xFF 0xFF 0xFF 
0xFF 0xFF 0xFF 0xFF 0xFF 0xFF 0xFF 0xFF 0xFF 0xFF 
0xFF 0xFF 0xFF 0xFF 0xFF 0xFF 0xFF 0xFF 0xFF 0xFF 
0xFF 0xFF 0xFF 0xFF 0xFF 0xFF 0xFF 0xFF 0xFF 0xFF 
0xFF 0xFF 0xFF 0xFF 0xFF 0xFF 0xFF 0xFF 0xFF 0xFF 
0xFF 0xFF 0xFF 0xFF 0xFF 0xFF 0xFF 0xFF 0xFF 0xFF 
0xFF 0xFF 0xFF 0xFF
         }
[0141]              ; Bearbeiter: J. Riepen
Offset =       0    ; Offset
Memory =       2    ; EELiteBlock
PStufe =       2    ; ST
Service =      2    ; Block neu initialisieren
Version =      1    ; Version
DataSize =      8   ; Anzahl der Datenbytes
Data     {
0xAC 0x0D 0x7C 0x15 0x02 0x28 0x0A 0x64
         }
[0140]              ; Bearbeiter: J. Riepen
Offset =       0    ; Offset
Memory =       2    ; EELiteBlock
PStufe =       2    ; ST
Service =      2    ; Block neu initialisieren
Version =      3    ; Version
DataSize =     82   ; Anzahl der Datenbytes
Data     {
0x02 0x00 0x0D 0x00 0xA0 0x0F 0x06 0x0C 0x1D 0x41 
0x80 0x0C 0x05 0x09 0x19 0x4D 0xB8 0x0B 0x03 0x06 
0x10 0x46 0x54 0x0B 0x03 0x06 0x0D 0x3C 0x28 0x0A 
0x03 0x06 0x10 0x32 0x34 0x08 0x05 0x0C 0x26 0x2B 
0x46 0x05 0x04 0x0A 0x19 0x32 0x06 0x04 0x04 0x0D 
0x25 0x3C 0xEE 0x02 0x05 0x0C 0x1E 0x35 0x76 0x02 
0x06 0x0F 0x2D 0x32 0x90 0x01 0x06 0x10 0x28 0x39 
0xC8 0x00 0x07 0x14 0x37 0x37 0x64 0x00 0x0B 0x1C 
0x35 0x35
         }
[0076]              ; Bearbeiter: J. Kuenstner
Offset =       0    ; Offset
Memory =       2    ; EELiteBlock
PStufe =       2    ; ST
Service =      0    ; Block nicht beachten
Version =      0    ; Version
DataSize =     10   ; Anzahl der Datenbytes
Data     {
0x29 0xFD 0x99 0x23 0xF3 0xD3 0x8A 0x4C 0x65 0xCD
         }
[0072]              ; Bearbeiter: F. Goldhofer
Offset =       0    ; Offset
Memory =       2    ; EELiteBlock
PStufe =      16    ; KT
Service =      4    ; Block mit 0xFF f¸llen
Version =      1    ; Version
DataSize =      6   ; Anzahl der Datenbytes
Data     {
0xFF 0xFF 0xFF 0xFF 0xFF 0xFF
         }
[0071]              ; Bearbeiter: P. LefËvre
Offset =       0    ; Offset
Memory =       2    ; EELiteBlock
PStufe =      16    ; KT
Service =      2    ; Block neu initialisieren
Version =      1    ; Version
DataSize =    200   ; Anzahl der Datenbytes
Data     {
0x06 0xFF 0xFF 0xFF 0x32 0x00 0x00 0x32 0xF4 0x03 
0x23 0x07 0x00 0x02 0xF8 0x02 0x18 0x0C 0x00 0x62 
0xF2 0x30 0x25 0x0F 0x00 0x02 0xF8 0x01 0x00 0x14 
0x00 0x02 0xF8 0x10 0x00 0x14 0x00 0xFF 0xFF 0xFF 
0xFF 0xFF 0xBE 0xBF 0xE3 0xBF 0x3D 0xEC 0xDF 0xFF 
0xFF 0xFE 0xFF 0xFF 0xFE 0xEF 0xF7 0xFF 0xFF 0xFF 
0xFF 0xFF 0xFF 0xFF 0xFF 0xFF 0xFF 0xFF 0xFF 0xFF 
0xFF 0xFF 0xFF 0xFF 0xFF 0xFF 0xFF 0xFF 0xFF 0xFF 
0xFF 0xFF 0xFF 0xFF 0xFF 0xFF 0xFF 0xFF 0xFF 0xFF 
0xFF 0xFF 0xFF 0xFF 0xFF 0xFF 0xFF 0xFF 0xFF 0xFF 
0xFF 0xFF 0xFF 0xFF 0xFF 0xFF 0xFF 0xFF 0xFF 0xFF 
0xFF 0xFF 0xFF 0xFF 0xFF 0xFF 0xFF 0xFF 0xFF 0xFF 
0xFF 0xFF 0xFF 0xFF 0xFF 0xFF 0xFF 0xFF 0xFF 0xFF 
0xFF 0xFF 0xFF 0xFF 0xFF 0xFF 0xFF 0xFF 0xFF 0xFF 
0xFF 0xFF 0xFF 0xFF 0xFF 0xFF 0xFF 0xFF 0xFF 0xFF 
0xFF 0xFF 0xFF 0xFF 0xFF 0xFF 0xFF 0xFF 0xFF 0xFF 
0xFF 0xFF 0xFF 0xFF 0xFF 0xFF 0xFF 0xFF 0xFF 0xFF 
0xFF 0xFF 0xFF 0xFF 0xFF 0xFF 0xFF 0xFF 0xFF 0xFF 
0xFF 0xFF 0xFF 0xFF 0xFF 0xFF 0xFF 0xFF 0xFF 0xFF 
0xFF 0xFF 0xFF 0xFF 0xFF 0xFF 0xFF 0xFF 0xFF 0xFF
         }
[0070]              ; Bearbeiter: M. Kugler
Offset =       0    ; Offset
Memory =       2    ; EELiteBlock
PStufe =      16    ; KT
Service =      2    ; Block neu initialisieren
Version =      1    ; Version
DataSize =     10   ; Anzahl der Datenbytes
Data     {
0x68 0x66 0xA6 0x00 0x00 0x00 0x00 0x00 0x00 0x00
         }
[0069]              ; Bearbeiter: C. Koehl
Offset =       0    ; Offset
Memory =       2    ; EELiteBlock
PStufe =       2    ; ST
Service =      2    ; Block neu initialisieren
Version =      1    ; Version
DataSize =   2048   ; Anzahl der Datenbytes
Data     {
0x01 0x00 0x15 0x00 0x14 0x00 0x06 0x00 0x9C 0x00 
0x1E 0x02 0x14 0x00 0x21 0x00 0x2E 0x00 0x3B 0x00 
0x21 0x00 0x48 0x00 0x7C 0x00 0x89 0x00 0x3B 0x00 
0x55 0x00 0x62 0x00 0x6F 0x00 0x00 0x00 0x00 0x00 
0x00 0x00 0x00 0x00 0x00 0x00 0x00 0x00 0x48 0x00 
0x3B 0x00 0x20 0x33 0x00 0x40 0x00 0x40 0x00 0x40 
0x00 0x40 0x00 0x40 0xC0 0x00 0xC0 0x00 0xC0 0x00 
0xC0 0x00 0xC0 0x00 0x00 0x00 0x00 0x00 0x20 0x33 
0x01 0x20 0xFF 0x17 0xE7 0x23 0xD9 0x35 0xFF 0x2F 
0x48 0x00 0xC0 0x00 0xC0 0x00 0xD8 0x00 0x00 0x00 
0x01 0x20 0x00 0x00 0x04 0x28 0xC0 0x15 0xC8 0x1F 
0x82 0x17 0xC5 0x22 0x90 0x33 0x08 0x00 0x08 0x00 
0x18 0x00 0x18 0x00 0x18 0x00 0x00 0x00 0x02 0x00 
0x04 0x28 0x44 0x11 0xFC 0x1C 0x55 0x18 0xD9 0x28 
0xAC 0x44 0x08 0x00 0x08 0x00 0x18 0x00 0x18 0x00 
0x18 0x00 0x00 0x00 0x02 0x00 0x04 0x3C 0xD1 0x05 
0x5A 0x0B 0xB0 0x16 0x60 0x2D 0xC0 0x5A 0x10 0x00 
0x10 0x00 0x10 0x00 0x10 0x00 0x10 0x00 0x55 0x05 
0x02 0x00 0x04 0x28 0x80 0x30 0x80 0x30 0x80 0x30 
0x80 0x30 0x80 0x30 0x18 0x00 0x18 0x00 0x18 0x00 
0x18 0x00 0x18 0x00 0x00 0x10 0x02 0x00 0x04 0x34 
0xA0 0x03 0x4C 0x05 0xD6 0x07 0x97 0x0B 0x98 0x08 
0x08 0x00 0x08 0x00 0x08 0x00 0x08 0x00 0x18 0x00 
0x00 0x00 0x02 0x00 0x04 0x34 0x44 0x11 0xFC 0x1C 
0x55 0x18 0xD9 0x28 0xAC 0x44 0x08 0x00 0x08 0x00 
0x18 0x00 0x18 0x00 0x18 0x00 0x00 0x00 0x02 0x00 
0x04 0x33 0x40 0x0C 0x80 0x14 0x60 0x22 0xC0 0x39 
0x80 0x30 0x48 0x00 0xC8 0x00 0xC8 0x00 0xC8 0x00 
0x18 0x00 0x00 0x00 0x03 0x00 0x20 0x28 0x01 0x20 
0xFF 0x17 0xE7 0x23 0xD9 0x35 0xFF 0x2F 0x48 0x00 
0xC0 0x00 0xC0 0x00 0xD8 0x00 0x00 0x00 0x01 0x20 
0x00 0x00 0x14 0x00 0x2A 0x00 0x74 0x00 0x91 0x00 
0x2A 0x00 0xDF 0x00 0x27 0x01 0x4D 0x01 0x72 0x01 
0x11 0x01 0xAE 0x00 0xAE 0x00 0x00 0x00 0x00 0x00 
0x00 0x00 0x00 0x00 0x00 0x00 0x00 0x00 0x14 0x00 
0x14 0x00 0x05 0x00 0x02 0x00 0x05 0x00 0x08 0x00 
0x0F 0x00 0x03 0x00 0x0A 0x00 0x01 0x02 0x84 0x02 
0xBA 0xCA 0x8C 0x06 0x3E 0x9B 0xFC 0x99 0x5D 0x56 
0x07 0x55 0x8D 0x75 0x80 0x08 0x04 0x00 0x88 0x0E 
0x00 0x00 0x05 0x10 0xBA 0xCA 0x05 0x00 0x07 0x00 
0x05 0x00 0x08 0x00 0x43 0x00 0x03 0x00 0x04 0x00 
0x01 0x02 0x82 0x00 0xBA 0xCA 0xFF 0x7F 0x0B 0x00 
0x8A 0x04 0x49 0x92 0x06 0x99 0xB7 0x6D 0xEA 0x56 
0xB7 0x6D 0x49 0x92 0x70 0x8E 0xB7 0x6D 0xD5 0x67 
0xB7 0x6D 0x0B 0x00 0x8C 0x0A 0xA7 0x60 0x6E 0x5B 
0xA7 0x60 0xBB 0x4A 0xA7 0x60 0x8E 0x0C 0x80 0x00 
0x80 0x7F 0x00 0x10 0x92 0x50 0x08 0x00 0x86 0x12 
0xBA 0xCA 0x90 0x16 0x00 0x10 0x00 0x04 0x80 0x1A 
0x88 0x1C 0x00 0x00 0x06 0x00 0x8F 0x22 0x80 0x00 
0x80 0x7F 0x00 0x20 0x00 0x20 0x87 0x24 0x0B 0x00 
0x8B 0x28 0xF1 0xE7 0xB3 0x07 0x69 0x4B 0xBD 0x36 
0xFF 0x7F 0xC0 0xEC 0xB3 0x07 0x50 0x48 0x11 0x2E 
0xFF 0x7F 0x0A 0x00 0x8D 0x2E 0xFF 0x7F 0xE5 0x35 
0xFF 0x7F 0xB1 0x16 0xFF 0x7F 0x84 0x32 0x00 0x20 
0x05 0x34 0xBA 0xCA 0x05 0x00 0x03 0x00 0x05 0x00 
0x08 0x00 0x16 0x00 0x03 0x00 0x04 0x00 0x01 0x02 
0x82 0x00 0xBA 0xCA 0x00 0x6C 0x0B 0x00 0x8A 0x04 
0x37 0xA8 0x0B 0x94 0xCB 0x57 0x2D 0x62 0xCB 0x57 
0x4B 0xD4 0xF8 0xD6 0x0F 0x1B 0x4C 0x2F 0xFF 0x7F 
0x05 0x00 0x80 0x0A 0x88 0x0E 0x00 0x00 0x05 0x10 
0xBA 0xCA 0x05 0x00 0x03 0x00 0x05 0x00 0x08 0x00 
0x16 0x00 0x03 0x00 0x04 0x00 0x01 0x02 0x82 0x00 
0xBA 0xCA 0x0F 0x22 0x0B 0x00 0x8A 0x04 0x37 0xA8 
0x0B 0x94 0xCB 0x57 0x2D 0x62 0xCB 0x57 0xEB 0xB4 
0x9D 0xA6 0x02 0x42 0x5F 0x59 0xFF 0x7F 0x05 0x00 
0x80 0x0A 0x88 0x0E 0x00 0x00 0x05 0x10 0xBA 0xCA 
0x05 0x00 0x05 0x00 0x05 0x00 0x08 0x00 0x2A 0x00 
0x03 0x00 0x04 0x00 0x01 0x02 0x82 0x00 0xBA 0xCA 
0xFF 0x7F 0x0B 0x00 0x8A 0x04 0x49 0x92 0x06 0x99 
0xB7 0x6D 0xEA 0x56 0xB7 0x6D 0x49 0x92 0x70 0x8E 
0xB7 0x6D 0xD5 0x67 0xB7 0x6D 0x0B 0x00 0x8B 0x08 
0xA7 0x60 0x6E 0x5B 0xA7 0x60 0xBB 0x4A 0xA7 0x60 
0xA3 0xBA 0x9D 0xA6 0x93 0x33 0x95 0x55 0xFF 0x7F 
0x0A 0x00 0x8E 0x0E 0x80 0x00 0x80 0x7F 0x00 0x10 
0xFF 0x7F 0x86 0x12 0xBA 0xCA 0x80 0x16 0x88 0x18 
0x00 0x00 0x02 0x00 0x05 0x1C 0xBA 0xCA 0x05 0x00 
0x05 0x00 0x05 0x00 0x08 0x00 0x2B 0x00 0x03 0x00 
0x04 0x00 0x01 0x02 0x82 0x00 0xBA 0xCA 0x6E 0x65 
0x0B 0x00 0x8A 0x04 0x37 0xA8 0x0B 0x94 0xCB 0x57 
0x2D 0x62 0xCB 0x57 0x00 0xC0 0x99 0xD9 0x33 0x33 
0x67 0x26 0xFF 0x7F 0x0B 0x00 0x8E 0x0A 0x80 0x00 
0x80 0x7F 0x00 0x20 0x00 0x40 0x86 0x0E 0xBA 0xCA 
0x80 0x12 0x88 0x16 0x00 0x00 0x87 0x18 0x0B 0x00 
0x8E 0x1E 0x80 0x00 0x80 0x7F 0x00 0x20 0x00 0x40 
0x8D 0x20 0xA7 0xC9 0xD0 0xD5 0x00 0x00 0x00 0x00 
0xFF 0x7F 0x02 0x00 0x05 0x24 0xBA 0xCA 0x05 0x00 
0x02 0x00 0x05 0x00 0x08 0x00 0x0F 0x00 0x03 0x00 
0x0A 0x00 0x01 0x02 0x82 0x02 0xBA 0xCA 0xCF 0x71 
0x86 0x06 0xBA 0xCA 0x80 0x0A 0x88 0x0E 0x00 0x00 
0x87 0x10 0x04 0x00 0x84 0x16 0x6B 0x19 0x05 0x18 
0xBA 0xCA 0x05 0x00 0x04 0x00 0x05 0x00 0x08 0x00 
0x1F 0x00 0x03 0x00 0x04 0x00 0x01 0x02 0x82 0x00 
0xBA 0xCA 0xFF 0x7F 0x0B 0x00 0x8A 0x04 0x49 0x92 
0x06 0x99 0xB7 0x6D 0xEA 0x56 0xB7 0x6D 0x49 0x92 
0x70 0x8E 0xB7 0x6D 0xD5 0x67 0xB7 0x6D 0x0B 0x00 
0x8C 0x0A 0xA7 0x60 0x6E 0x5B 0xA7 0x60 0xBB 0x4A 
0xA7 0x60 0x80 0x0E 0x88 0x12 0x00 0x00 0x84 0x14 
0x00 0x40 0x02 0x00 0x05 0x18 0xBA 0xCA 0x05 0x00 
0x03 0x00 0x05 0x00 0x08 0x00 0x1E 0x00 0x03 0x00 
0x07 0x00 0x01 0x02 0x82 0x02 0xBA 0xCA 0x00 0x48 
0x80 0x06 0x88 0x08 0x00 0x00 0x0B 0x00 0x8B 0x0C 
0xF1 0xE7 0xB3 0x07 0x69 0x4B 0xBD 0x36 0xFF 0x7F 
0xC0 0xEC 0xB3 0x07 0x50 0x48 0x11 0x2E 0xFF 0x7F 
0x0A 0x00 0x8D 0x12 0xFF 0x7F 0xE5 0x35 0xFF 0x7F 
0xB1 0x16 0xFF 0x7F 0x84 0x16 0x00 0x20 0x05 0x18 
0xBA 0xCA 0x05 0x00 0x01 0x00 0x05 0x00 0x08 0x00 
0x09 0x00 0x03 0x00 0x09 0x00 0x01 0x02 0x82 0x02 
0xBA 0xCA 0x00 0x40 0x80 0x06 0x88 0x0A 0x00 0x00 
0x05 0x0C 0xBA 0xCA 0x00 0x00 0x14 0x00 0x38 0x00 
0x38 0x00 0x14 0x00 0xC6 0x00 0x00 0x00 0x00 0x00 
0x00 0x00 0x00 0x00 0x7F 0x00 0x7F 0x00 0x00 0x00 
0x00 0x00 0x00 0x00 0x00 0x00 0x00 0x00 0x00 0x00 
0x00 0x00 0x00 0x00 0x0B 0x00 0x8C 0x00 0x20 0x00 
0x3C 0x00 0x64 0x00 0x00 0x00 0x00 0x04 0xFC 0xFF 
0xFF 0xFF 0xFF 0xFF 0x19 0x00 0x66 0x66 0x0B 0x00 
0x8D 0x01 0xF6 0x40 0x00 0x40 0xF4 0x01 0x03 0x00 
0x0A 0x00 0x04 0x00 0x06 0x00 0x00 0x10 0x02 0x00 
0x00 0x00 0x0B 0x10 0x09 0x02 0x00 0x40 0x9C 0xFF 
0xA2 0xFE 0x0C 0xFE 0xFF 0xFF 0xFD 0xFF 0xFF 0xFF 
0xC5 0x40 0x00 0x20 0x05 0x00 0x0B 0x00 0x8C 0x00 
0x20 0x00 0x3C 0x00 0x64 0x00 0x00 0x00 0x00 0x08 
0xFC 0xFF 0xFF 0xFF 0xFF 0xFF 0x19 0x00 0x66 0x66 
0x0B 0x00 0x8D 0x01 0x9A 0x41 0x00 0x40 0x00 0x04 
0x00 0x00 0x0A 0x00 0x02 0x00 0x03 0x00 0x00 0x02 
0x04 0x00 0x00 0x00 0x09 0x00 0x8F 0x02 0xFE 0xFF 
0x00 0x00 0x00 0x00 0x00 0x00 0x33 0x43 0x8F 0x02 
0x01 0x00 0xC2 0x01 0x0B 0x00 0x89 0x03 0xCD 0x3C 
0x88 0xFF 0x6A 0xFF 0x70 0xFE 0xFF 0xFF 0xFD 0xFF 
0xFF 0xFF 0xC5 0x40 0x66 0x26 0x05 0x00 0x09 0x00 
0x90 0x04 0x06 0xFF 0x9A 0x19 0x33 0x73 0xCE 0xFF 
0x06 0xFF 0x00 0x40 0x38 0xFF 0xA8 0xFD 0x02 0x00 
0x0E 0x05 0x14 0x00 0x0B 0x10 0x0B 0x10 0xBA 0xFF 
0x06 0xFF 0x3E 0xFE 0x0C 0xFE 0x78 0x00 0x9C 0xFF 
0xFD 0xFF 0xFF 0xFF 0x6A 0xFF 0x70 0xFE 0x0B 0x00 
0x8C 0x00 0x20 0x00 0x3C 0x00 0x64 0x00 0x00 0x00 
0x00 0x08 0xFC 0xFF 0xFF 0xFF 0xFF 0xFF 0x19 0x00 
0x66 0x66 0x0B 0x00 0x8D 0x01 0x9A 0x41 0x00 0x40 
0x00 0x04 0x00 0x00 0x0A 0x00 0x02 0x00 0x03 0x00 
0x00 0x00 0x04 0x00 0x00 0x00 0x09 0x00 0x8F 0x02 
0xFE 0xFF 0x00 0x00 0x00 0x00 0x00 0x00 0x33 0x43 
0x00 0x00 0x01 0x00 0xC2 0x01 0x0B 0x00 0x89 0x03 
0xCD 0x3C 0x88 0xFF 0x9C 0xFF 0xA2 0xFE 0xFF 0xFF 
0xFD 0xFF 0xFF 0xFF 0xC5 0x40 0x66 0x26 0x05 0x00 
0x09 0x00 0x90 0x04 0xD4 0xFE 0x33 0x13 0x33 0x73 
0xFF 0xFF 0x9C 0xFF 0x00 0x40 0xD4 0xFE 0xA8 0xFD 
0x02 0x00 0x0E 0x05 0x14 0x00 0x0B 0x10 0x0B 0x10 
0xBA 0xFF 0x06 0xFF 0x3E 0xFE 0x0C 0xFE 0x78 0x00 
0x9C 0xFF 0xFD 0xFF 0xFF 0xFF 0x9C 0xFF 0xA2 0xFE 
0x0B 0x00 0x8C 0x00 0x20 0x00 0x3C 0x00 0x64 0x00 
0x00 0x00 0x00 0x10 0xFB 0xFF 0xFF 0xFF 0xFF 0xFF 
0x19 0x00 0x66 0x66 0x0B 0x00 0x8D 0x01 0x9A 0x41 
0x52 0x38 0xF4 0x01 0x05 0x00 0x0F 0x00 0x02 0x00 
0x04 0x00 0x00 0x06 0x03 0x00 0x00 0x00 0x0B 0x10 
0x09 0x02 0x00 0x40 0x9C 0xFF 0x00 0x00 0xA8 0xFD 
0xFF 0xFF 0xFD 0xFF 0xFF 0xFF 0xC5 0x40 0x00 0x20 
0x05 0x00 0x00 0x00 0x00 0x00 0x00 0x00 0x00 0x00 
0x00 0x00 0x00 0x00 0x00 0x00 0x00 0x00 0x00 0x00 
0x00 0x00 0x00 0x00 0x00 0x00 0x00 0x00 0x00 0x00 
0x00 0x00 0x00 0x00 0x00 0x00 0x00 0x00 0x00 0x00 
0x00 0x00 0x00 0x00 0x00 0x00 0x00 0x00 0x00 0x00 
0x00 0x00 0x00 0x00 0x00 0x00 0x00 0x00 0x00 0x00 
0x00 0x00 0x00 0x00 0x00 0x00 0x00 0x00 0x00 0x00 
0x00 0x00 0x00 0x00 0x00 0x00 0x00 0x00 0x00 0x00 
0x00 0x00 0x00 0x00 0x00 0x00 0x00 0x00 0x00 0x00 
0x00 0x00 0x00 0x00 0x00 0x00 0x00 0x00 0x00 0x00 
0x00 0x00 0x00 0x00 0x00 0x00 0x00 0x00 0x00 0x00 
0x00 0x00 0x00 0x00 0x00 0x00 0x00 0x00 0x00 0x00 
0x00 0x00 0x00 0x00 0x00 0x00 0x00 0x00 0x00 0x00 
0x00 0x00 0x00 0x00 0x00 0x00 0x00 0x00 0x00 0x00 
0x00 0x00 0x00 0x00 0x00 0x00 0x00 0x00 0x00 0x00 
0x00 0x00 0x00 0x00 0x00 0x00 0x00 0x00 0x00 0x00 
0x00 0x00 0x00 0x00 0x00 0x00 0x00 0x00 0x00 0x00 
0x00 0x00 0x00 0x00 0x00 0x00 0x00 0x00 0x00 0x00 
0x00 0x00 0x00 0x00 0x00 0x00 0x00 0x00 0x00 0x00 
0x00 0x00 0x00 0x00 0x00 0x00 0x00 0x00 0x00 0x00 
0x00 0x00 0x00 0x00 0x00 0x00 0x00 0x00 0x00 0x00 
0x00 0x00 0x00 0x00 0x00 0x00 0x00 0x00 0x00 0x00 
0x00 0x00 0x00 0x00 0x00 0x00 0x00 0x00 0x00 0x00 
0x00 0x00 0x00 0x00 0x00 0x00 0x00 0x00 0x00 0x00 
0x00 0x00 0x00 0x00 0x00 0x00 0x00 0x00 0x00 0x00 
0x00 0x00 0x00 0x00 0x00 0x00 0x00 0x00 0x00 0x00 
0x00 0x00 0x00 0x00 0x00 0x00 0x00 0x00 0x00 0x00 
0x00 0x00 0x00 0x00 0x00 0x00 0x00 0x00 0x00 0x00 
0x00 0x00 0x00 0x00 0x00 0x00 0x00 0x00 0x00 0x00 
0x00 0x00 0x00 0x00 0x00 0x00 0x00 0x00 0x00 0x00 
0x00 0x00 0x00 0x00 0x00 0x00 0x00 0x00 0x00 0x00 
0x00 0x00 0x00 0x00 0x00 0x00 0x00 0x00 0x00 0x00 
0x00 0x00 0x00 0x00 0x00 0x00 0x00 0x00 0x00 0x00 
0x00 0x00 0x00 0x00 0x00 0x00 0x00 0x00 0x00 0x00 
0x00 0x00 0x00 0x00 0x00 0x00 0x00 0x00 0x00 0x00 
0x00 0x00 0x00 0x00 0x00 0x00 0x00 0x00 0x00 0x00 
0x00 0x00 0x00 0x00 0x00 0x00 0x00 0x00 0x00 0x00 
0x00 0x00 0x00 0x00 0x00 0x00 0x00 0x00 0x00 0x00 
0x00 0x00 0x00 0x00 0x00 0x00 0x00 0x00 0x00 0x00 
0x00 0x00 0x00 0x00 0x00 0x00 0x00 0x00 0x00 0x00 
0x00 0x00 0x00 0x00 0x00 0x00 0x00 0x00 0x00 0x00 
0x00 0x00 0x00 0x00 0x00 0x00 0x00 0x00 0x00 0x00 
0x00 0x00 0x00 0x00 0x00 0x00 0x00 0x00 0x00 0x00 
0x00 0x00 0x00 0x00 0x00 0x00 0x00 0x00 0x00 0x00 
0x00 0x00 0x00 0x00 0x00 0x00 0x00 0x00 0x00 0x00 
0x00 0x00 0x00 0x00 0x00 0x00 0x00 0x00 0x00 0x00 
0x00 0x00 0x00 0x00 0x00 0x00 0x00 0x00 0x00 0x00 
0x00 0x00 0x00 0x00 0x00 0x00 0x00 0x00 0x00 0x00 
0x00 0x00 0x00 0x00 0x00 0x00 0x00 0x00 0x00 0x00 
0x00 0x00 0x00 0x00 0x00 0x00 0x00 0x00
         }
[0066]              ; Bearbeiter: C. Koehl
Offset =       0    ; Offset
Memory =       2    ; EELiteBlock
PStufe =       2    ; ST
Service =      2    ; Block neu initialisieren
Version =      1    ; Version
DataSize =      8   ; Anzahl der Datenbytes
Data     {
0x00 0x40 0x00 0x20 0xFF 0x3F 0xFF 0x1F
         }
[0065]              ; Bearbeiter: D. Bergmann
Offset =       0    ; Offset
Memory =       2    ; EELiteBlock
PStufe =       2    ; ST
Service =      0    ; Block nicht beachten
Version =      2    ; Version
DataSize =     48   ; Anzahl der Datenbytes
Data     {
0x38 0x00 0x38 0x00 0x40 0x00 0x40 0x00 0x25 0x00 
0x23 0x00 0x03 0x00 0x0C 0x00 0x25 0x00 0x23 0x00 
0x03 0x00 0x0C 0x00 0xFF 0x00 0x00 0x00 0x00 0x00 
0x73 0x00 0x73 0x00 0x02 0x00 0x0F 0x00 0x08 0x00 
0x14 0x00 0x14 0x00 0x00 0x00 0x00 0x00
         }
[0064]              ; Bearbeiter: R. Djermester
Offset =       0    ; Offset
Memory =       2    ; EELiteBlock
PStufe =       2    ; ST
Service =      0    ; Block nicht beachten
Version =      1    ; Version
DataSize =     92   ; Anzahl der Datenbytes
Data     {
0x00 0x01 0x00 0x00 0x78 0x78 0x78 0x78 0x78 0x78 
0x6D 0x63 0x59 0x50 0x48 0x41 0x3A 0x35 0x31 0x2D 
0x2A 0x28 0x26 0x24 0x2B 0x2B 0x2B 0x2B 0x2B 0x2B 
0x2B 0x2B 0x2B 0x2B 0x2B 0x2B 0x6E 0x62 0x57 0x4D 
0x45 0x3D 0x36 0x31 0x2D 0x2A 0x27 0x25 0x23 0x21 
0x1F 0x1E 0x1E 0x1E 0x1E 0x1E 0x1E 0x1E 0x1E 0x1E 
0x1E 0x1E 0x1E 0x1E 0x1E 0x1E 0x1E 0x1E 0x09 0x4B 
0x1C 0x45 0x00 0x07 0x85 0x00 0x00 0x00 0x69 0x00 
0x09 0x4B 0x1C 0x45 0x00 0x07 0x85 0x00 0x00 0x00 
0x69 0x00
         }
[0063]              ; Bearbeiter: N. Haiduk
Offset =       0    ; Offset
Memory =       2    ; EELiteBlock
PStufe =       2    ; ST
Service =      2    ; Block neu initialisieren
Version =      0    ; Version
DataSize =    666   ; Anzahl der Datenbytes
Data     {
0xFF 0xFF 0xFF 0xFF 0xFF 0xFF 0xFF 0xFF 0xFF 0xFF 
0xFF 0xFF 0xFF 0xFF 0xFF 0xFF 0xFF 0xFF 0xFF 0xFF 
0xFF 0xFF 0xFF 0xFF 0xFF 0xFF 0xFF 0xFF 0xFF 0xFF 
0xFF 0xFF 0xFF 0xFF 0xFF 0xFF 0xFF 0xFF 0xFF 0xFF 
0xFF 0xFF 0xFF 0xFF 0xFF 0xFF 0xFF 0xFF 0xFF 0xFF 
0xFF 0xFF 0xFF 0xFF 0xFF 0xFF 0xFF 0xFF 0xFF 0xFF 
0xFF 0xFF 0xFF 0xFF 0xFF 0xFF 0xFF 0xFF 0xFF 0xFF 
0xFF 0xFF 0xFF 0xFF 0xFF 0xFF 0xFF 0xFF 0xFF 0xFF 
0xFF 0xFF 0xFF 0xFF 0xFF 0xFF 0xFF 0xFF 0xFF 0xFF 
0xFF 0xFF 0xFF 0xFF 0xFF 0xFF 0xFF 0xFF 0xFF 0xFF 
0xFF 0xFF 0xFF 0xFF 0xFF 0xFF 0xFF 0xFF 0xFF 0xFF 
0xFF 0xFF 0xFF 0xFF 0xFF 0xFF 0xFF 0xFF 0xFF 0xFF 
0xFF 0xFF 0xFF 0xFF 0xFF 0xFF 0xFF 0xFF 0xFF 0xFF 
0xFF 0xFF 0xFF 0xFF 0xFF 0xFF 0xFF 0xFF 0xFF 0xFF 
0xFF 0xFF 0xFF 0xFF 0xFF 0xFF 0xFF 0xFF 0xFF 0xFF 
0xFF 0xFF 0xFF 0xFF 0xFF 0xFF 0xFF 0xFF 0xFF 0xFF 
0xFF 0xFF 0xFF 0xFF 0xFF 0xFF 0xFF 0xFF 0xFF 0xFF 
0xFF 0xFF 0xFF 0xFF 0xFF 0xFF 0xFF 0xFF 0xFF 0xFF 
0xFF 0xFF 0xFF 0xFF 0xFF 0xFF 0xFF 0xFF 0xFF 0xFF 
0xFF 0xFF 0xFF 0xFF 0xFF 0xFF 0xFF 0xFF 0xFF 0xFF 
0xFF 0xFF 0xFF 0xFF 0xFF 0xFF 0xFF 0xFF 0xFF 0xFF 
0xFF 0xFF 0xFF 0xFF 0xFF 0xFF 0xFF 0xFF 0xFF 0xFF 
0xFF 0xFF 0xFF 0xFF 0xFF 0xFF 0xFF 0xFF 0xFF 0xFF 
0xFF 0xFF 0xFF 0xFF 0xFF 0xFF 0xFF 0xFF 0xFF 0xFF 
0xFF 0xFF 0xFF 0xFF 0xFF 0xFF 0xFF 0xFF 0xFF 0xFF 
0xFF 0xFF 0xFF 0xFF 0xFF 0xFF 0xFF 0xFF 0xFF 0xFF 
0xFF 0xFF 0xFF 0xFF 0xFF 0xFF 0xFF 0xFF 0xFF 0xFF 
0xFF 0xFF 0xFF 0xFF 0xFF 0xFF 0xFF 0xFF 0xFF 0xFF 
0xFF 0xFF 0xFF 0xFF 0xFF 0xFF 0xFF 0xFF 0xFF 0xFF 
0xFF 0xFF 0xFF 0xFF 0xFF 0xFF 0xFF 0xFF 0xFF 0xFF 
0xFF 0xFF 0xFF 0xFF 0xFF 0xFF 0xFF 0xFF 0xFF 0xFF 
0xFF 0xFF 0xFF 0xFF 0xFF 0xFF 0xFF 0xFF 0xFF 0xFF 
0xFF 0xFF 0xFF 0xFF 0xFF 0xFF 0xFF 0xFF 0xFF 0xFF 
0xFF 0xFF 0xFF 0xFF 0xFF 0xFF 0xFF 0xFF 0xFF 0xFF 
0xFF 0xFF 0xFF 0xFF 0xFF 0xFF 0xFF 0xFF 0xFF 0xFF 
0xFF 0xFF 0xFF 0xFF 0xFF 0xFF 0xFF 0xFF 0xFF 0xFF 
0xFF 0xFF 0xFF 0xFF 0xFF 0xFF 0xFF 0xFF 0xFF 0xFF 
0xFF 0xFF 0xFF 0xFF 0xFF 0xFF 0xFF 0xFF 0xFF 0xFF 
0xFF 0xFF 0xFF 0xFF 0xFF 0xFF 0xFF 0xFF 0xFF 0xFF 
0xFF 0xFF 0xFF 0xFF 0xFF 0xFF 0xFF 0xFF 0xFF 0xFF 
0xFF 0xFF 0xFF 0xFF 0xFF 0xFF 0xFF 0xFF 0xFF 0xFF 
0xFF 0xFF 0xFF 0xFF 0xFF 0xFF 0xFF 0xFF 0xFF 0xFF 
0xFF 0xFF 0xFF 0xFF 0xFF 0xFF 0xFF 0xFF 0xFF 0xFF 
0xFF 0xFF 0xFF 0xFF 0xFF 0xFF 0xFF 0xFF 0xFF 0xFF 
0xFF 0xFF 0xFF 0xFF 0xFF 0xFF 0xFF 0xFF 0xFF 0xFF 
0xFF 0xFF 0xFF 0xFF 0xFF 0xFF 0xFF 0xFF 0xFF 0xFF 
0xFF 0xFF 0xFF 0xFF 0xFF 0xFF 0xFF 0xFF 0xFF 0xFF 
0xFF 0xFF 0xFF 0xFF 0xFF 0xFF 0xFF 0xFF 0xFF 0xFF 
0xFF 0xFF 0xFF 0xFF 0xFF 0xFF 0xFF 0xFF 0xFF 0xFF 
0xFF 0xFF 0xFF 0xFF 0xFF 0xFF 0xFF 0xFF 0xFF 0xFF 
0xFF 0xFF 0xFF 0xFF 0xFF 0xFF 0xFF 0xFF 0xFF 0xFF 
0xFF 0xFF 0xFF 0xFF 0xFF 0xFF 0xFF 0xFF 0xFF 0xFF 
0xFF 0xFF 0xFF 0xFF 0xFF 0xFF 0xFF 0xFF 0xFF 0xFF 
0xFF 0xFF 0xFF 0xFF 0xFF 0xFF 0xFF 0xFF 0xFF 0xFF 
0xFF 0xFF 0xFF 0xFF 0xFF 0xFF 0xFF 0xFF 0xFF 0xFF 
0xFF 0xFF 0xFF 0xFF 0xFF 0xFF 0xFF 0xFF 0xFF 0xFF 
0xFF 0xFF 0xFF 0xFF 0xFF 0xFF 0xFF 0xFF 0xFF 0xFF 
0xFF 0xFF 0xFF 0xFF 0xFF 0xFF 0xFF 0xFF 0xFF 0xFF 
0xFF 0xFF 0xFF 0xFF 0xFF 0xFF 0xFF 0xFF 0xFF 0xFF 
0xFF 0xFF 0xFF 0xFF 0xFF 0xFF 0xFF 0xFF 0xFF 0xFF 
0xFF 0xFF 0xFF 0xFF 0xFF 0xFF 0xFF 0xFF 0xFF 0xFF 
0xFF 0xFF 0xFF 0xFF 0xFF 0xFF 0xFF 0xFF 0xFF 0xFF 
0xFF 0xFF 0xFF 0xFF 0xFF 0xFF 0xFF 0xFF 0xFF 0xFF 
0xFF 0xFF 0xFF 0xFF 0xFF 0xFF 0xFF 0xFF 0xFF 0xFF 
0xFF 0xFF 0xFF 0xFF 0xFF 0xFF 0xFF 0xFF 0xFF 0xFF 
0xFF 0xFF 0xFF 0xFF 0xFF 0xFF 0xFF 0xFF 0xFF 0xFF 
0xFF 0xFF 0xFF 0xFF 0xFF 0xFF
         }
[0062]              ; Bearbeiter: K. Rudolph
Offset =       0    ; Offset
Memory =       2    ; EELiteBlock
PStufe =       2    ; ST
Service =      2    ; Block neu initialisieren
Version =      1    ; Version
DataSize =    120   ; Anzahl der Datenbytes
Data     {
0xFF 0xFF 0xFF 0xFF 0xFF 0xFF 0xFF 0xFF 0xFF 0xFF 
0xFF 0xFF 0xFF 0xFF 0xFF 0xFF 0xFF 0xFF 0xFF 0xFF 
0xFF 0xFF 0xFF 0xFF 0xFF 0xFF 0xFF 0xFF 0xFF 0xFF 
0xFF 0xFF 0xFF 0xFF 0xFF 0xFF 0xFF 0xFF 0xFF 0xFF 
0xFF 0xFF 0xFF 0xFF 0xFF 0xFF 0xFF 0xFF 0xFF 0xFF 
0xFF 0xFF 0xFF 0xFF 0xFF 0xFF 0xFF 0xFF 0xFF 0xFF 
0xFF 0xFF 0xFF 0xFF 0xFF 0xFF 0xFF 0xFF 0xFF 0xFF 
0xFF 0xFF 0xFF 0xFF 0xFF 0xFF 0xFF 0xFF 0xFF 0xFF 
0xFF 0xFF 0xFF 0xFF 0xFF 0xFF 0xFF 0xFF 0xFF 0xFF 
0xFF 0xFF 0xFF 0xFF 0xFF 0xFF 0xFF 0xFF 0xFF 0xFF 
0xFF 0xFF 0xFF 0xFF 0xFF 0xFF 0xFF 0xFF 0xFF 0xFF 
0xFF 0xFF 0xFF 0xFF 0xFF 0xFF 0xFF 0xFF 0xFF 0xFF
         }
[0058]              ; Bearbeiter: R. Djermester
Offset =       0    ; Offset
Memory =       2    ; EELiteBlock
PStufe =       2    ; ST
Service =      0    ; Block nicht beachten
Version =      0    ; Version
DataSize =    451   ; Anzahl der Datenbytes
Data     {
0xFC 0xFF 0xFF 0xFF 0xFF 0xFF 0xFF 0xFE 0xFD 0x01 
0x01 0x00 0xFF 0xFE 0x02 0x01 0x00 0x02 0x03 0x02 
0x01 0x00 0x04 0x02 0x00 0x04 0x06 0x04 0x02 0x01 
0x05 0x04 0x06 0x09 0x0D 0x0E 0x10 0x17 0x27 0x2E 
0x3A 0xFE 0x01 0x01 0x01 0x01 0x00 0x00 0xFF 0xFE 
0x02 0x02 0x01 0x00 0xFF 0x03 0x02 0x01 0x03 0x04 
0x03 0x02 0x01 0x05 0x03 0x02 0x05 0x07 0x05 0x03 
0x02 0x06 0x05 0x08 0x0B 0x0F 0x0F 0x12 0x1A 0x2A 
0x30 0x3D 0xFF 0x02 0x02 0x01 0x01 0x01 0x01 0x00 
0xFF 0x02 0x02 0x01 0x01 0x00 0x03 0x02 0x01 0x03 
0x04 0x03 0x02 0x02 0x05 0x03 0x02 0x05 0x07 0x05 
0x04 0x02 0x07 0x05 0x08 0x0B 0x10 0x11 0x13 0x1B 
0x2C 0x33 0x40 0x00 0x02 0x02 0x01 0x01 0x01 0x00 
0xFF 0xFF 0x02 0x02 0x01 0x00 0x00 0x03 0x02 0x01 
0x03 0x04 0x03 0x02 0x01 0x04 0x03 0x02 0x05 0x07 
0x05 0x03 0x02 0x06 0x05 0x08 0x0B 0x10 0x10 0x13 
0x1B 0x2D 0x34 0x41 0x00 0x01 0x01 0x01 0x00 0x00 
0xFF 0xFE 0xFE 0x01 0x01 0x00 0xFF 0xFE 0x02 0x01 
0xFF 0x02 0x03 0x02 0x01 0x00 0x03 0x02 0x00 0x04 
0x05 0x04 0x02 0x01 0x05 0x04 0x07 0x0A 0x0F 0x10 
0x13 0x1C 0x2D 0x34 0x41 0xFE 0x00 0x00 0xFF 0xFF 
0xFE 0xFE 0xFD 0xFC 0xFF 0xFF 0xFE 0xFD 0xFD 0x00 
0xFF 0xFD 0x00 0x01 0x00 0xFF 0xFE 0x01 0x00 0xFE 
0x02 0x03 0x02 0x00 0xFF 0x03 0x02 0x06 0x08 0x0D 
0x0E 0x11 0x19 0x2B 0x32 0x40 0xFD 0xFE 0xFE 0xFD 
0xFD 0xFC 0xFB 0xFA 0xFA 0xFD 0xFD 0xFC 0xFB 0xFA 
0xFD 0xFC 0xFB 0xFD 0xFF 0xFD 0xFC 0xFC 0xFF 0xFD 
0xFC 0x00 0x01 0xFF 0xFE 0xFD 0x01 0x00 0x03 0x06 
0x0B 0x0D 0x0F 0x19 0x2B 0x32 0x40 0xFA 0xFB 0xFB 
0xFB 0xFA 0xF9 0xF9 0xF8 0xF7 0xFA 0xFA 0xF9 0xF8 
0xF7 0xFB 0xFA 0xF8 0xFA 0xFC 0xFA 0xF9 0xF9 0xFC 
0xFA 0xF9 0xFD 0xFE 0xFC 0xFB 0xFA 0xFE 0xFD 0x01 
0x04 0x08 0x0A 0x0E 0x16 0x29 0x31 0x3F 0xF8 0xF9 
0xF9 0xF8 0xF7 0xF7 0xF6 0xF5 0xF4 0xF7 0xF7 0xF6 
0xF5 0xF4 0xF8 0xF6 0xF5 0xF7 0xF8 0xF7 0xF6 0xF5 
0xF9 0xF7 0xF6 0xFA 0xFB 0xF9 0xF8 0xF6 0xFB 0xFA 
0xFD 0x01 0x05 0x07 0x0A 0x14 0x26 0x2E 0x3C 0xF5 
0xF6 0xF6 0xF5 0xF4 0xF4 0xF3 0xF2 0xF1 0xF4 0xF4 
0xF3 0xF2 0xF1 0xF4 0xF3 0xF2 0xF4 0xF5 0xF4 0xF3 
0xF2 0xF5 0xF4 0xF3 0xF6 0xF8 0xF6 0xF4 0xF3 0xF8 
0xF7 0xFB 0xFE 0x03 0x05 0x08 0x12 0x26 0x2E 0x3C 
0xF3 0xF3 0xF3 0xF2 0xF1 0xF1 0xF0 0xEE 0xEE 0xF1 
0xF1 0xF0 0xEF 0xEE 0xF1 0xF0 0xEF 0xF1 0xF2 0xF1 
0xF0 0xEF 0xF2 0xF1 0xEF 0xF3 0xF4 0xF3 0xF1 0xF0 
0xF5 0xF4 0xF7 0xFB 0xFF 0x02 0x05 0x0E 0x22 0x2A 
0x38
         }
[0057]              ; Bearbeiter: R. Djermester
Offset =       0    ; Offset
Memory =       2    ; EELiteBlock
PStufe =       2    ; ST
Service =      0    ; Block nicht beachten
Version =      0    ; Version
DataSize =    549   ; Anzahl der Datenbytes
Data     {
0x00 0x05 0x05 0x04 0x04 0x04 0x03 0x03 0x03 0x03 
0x02 0x02 0x02 0x02 0x02 0x01 0x01 0x01 0x01 0x00 
0x00 0x00 0x00 0xFF 0xFF 0xFF 0xFF 0xFF 0xFF 0xFF 
0xFE 0xFE 0xFE 0xFE 0xFE 0xFE 0xFE 0xFE 0xFE 0xFE 
0xFF 0xFF 0xFF 0xFF 0xFF 0xFF 0xFF 0xFF 0xFF 0xFF 
0xFF 0xFF 0xFF 0xFF 0xFF 0xFF 0xFF 0xFF 0xFF 0xFF 
0xFF 0xFF 0xFF 0xFF 0xFF 0xFF 0xFE 0xFF 0xFE 0xFE 
0xFE 0xFE 0xFE 0xFE 0xFE 0xFD 0xFE 0xFE 0xFE 0xFE 
0xFF 0xFF 0xFF 0xFF 0xFF 0xFF 0xFF 0x00 0x00 0x00 
0x00 0x00 0x00 0x01 0x01 0x01 0x01 0x01 0x02 0x02 
0x02 0x02 0x02 0x02 0x02 0x02 0x02 0x03 0x03 0x03 
0x03 0x03 0x03 0x03 0x02 0x02 0x02 0x02 0x02 0x01 
0x01 0x01 0x00 0x00 0x00 0x05 0xFB 0xFB 0xFC 0xFC 
0xFD 0xFD 0xFD 0xFE 0xFE 0xFE 0xFE 0xFF 0xFF 0xFF 
0xFF 0x00 0x00 0x00 0x00 0x00 0x01 0x01 0x01 0x01 
0x02 0x02 0x02 0x03 0x03 0x04 0x04 0x05 0x05 0x05 
0x05 0x06 0x06 0x06 0x06 0x06 0x06 0x06 0x06 0x06 
0x06 0x06 0x05 0x05 0x05 0xFF 0xFF 0xFF 0xFF 0xFF 
0xFF 0xFF 0xFF 0xFF 0xFF 0xF1 0xF2 0xF2 0xF1 0xF2 
0xF2 0xF2 0xF3 0xF2 0xF3 0xF3 0xF3 0xF4 0xF3 0xF3 
0xF4 0xF4 0xF4 0xF5 0xF4 0xF4 0xF5 0xF5 0xF5 0xF5 
0xF5 0xF5 0xF6 0xF6 0xF5 0xF6 0xF6 0xF6 0xF6 0xF6 
0xF6 0xF6 0xF6 0xF7 0xF6 0xF7 0xF7 0xF7 0xF7 0xF7 
0xF7 0xF7 0xF7 0xF7 0xF8 0xF8 0xF8 0xF8 0xF8 0xF8 
0xF8 0xF8 0xF8 0xF8 0xF8 0xF8 0xF8 0xF9 0xF9 0xF9 
0xF9 0xF9 0xF9 0xF9 0xFA 0xF9 0xF9 0xFA 0xFA 0xFA 
0xFA 0xFA 0xFA 0xFA 0xFA 0xFA 0xFA 0xFA 0xFA 0xFB 
0xFA 0xFB 0xFB 0xFB 0xFB 0xFB 0xFB 0xFB 0xFB 0xFB 
0xFC 0xFC 0xFC 0xFC 0xFC 0xFC 0xFC 0xFC 0xFC 0xFD 
0xFD 0xFC 0xFD 0xFD 0xFD 0xFD 0xFD 0xFD 0xFD 0xFD 
0xFD 0xFE 0xFD 0xFE 0xFE 0xFE 0xFD 0xFE 0xFE 0xFE 
0xFE 0xFE 0xFE 0xFE 0xFE 0xFF 0xFE 0xFF 0xFF 0xFE 
0xFF 0xFF 0xFF 0xFF 0xFF 0xFF 0xFF 0xFF 0xFF 0xFF 
0x00 0x00 0xFF 0x00 0x00 0x00 0x00 0x00 0x00 0x00 
0x00 0x00 0x00 0x00 0x00 0x00 0x00 0x00 0x00 0x01 
0x00 0x00 0x01 0x00 0x01 0x01 0x01 0x00 0x01 0x01 
0x01 0x01 0x01 0x01 0x00 0x01 0x01 0x01 0x00 0x01 
0x01 0x01 0x01 0x00 0x01 0x00 0x01 0x01 0x01 0x01 
0x00 0x00 0x01 0x00 0x01 0x00 0x00 0x01 0x00 0x00 
0x01 0x00 0x00 0x01 0x00 0x00 0x00 0x00 0x00 0x00 
0x00 0x00 0x00 0x00 0x00 0x00 0x00 0x00 0x00 0x00 
0x00 0x00 0x00 0x00 0x00 0x00 0x00 0x00 0x00 0xFF 
0x00 0xFF 0xFF 0xFF 0xFF 0xFF 0xFF 0xFF 0xFF 0xFF 
0xFF 0xFF 0xFF 0xFF 0xFF 0xFF 0xFF 0xFF 0xFF 0xFE 
0xFE 0xFF 0xFE 0xFF 0xFF 0xFE 0xFE 0xFF 0xFE 0xFE 
0xFF 0xFE 0xFE 0xFE 0xFE 0xFE 0xFE 0xFE 0xFE 0xFE 
0xFE 0xFE 0xFE 0xFE 0xFE 0xFE 0xFE 0xFD 0xFE 0xFD 
0xFD 0xFD 0xFE 0xFD 0xFD 0xFE 0xFD 0xFD 0xFD 0xFD 
0xFD 0xFD 0xFD 0xFD 0xFD 0xFD 0xFD 0xFD 0xFC 0xFD 
0xFD 0xFD 0xFD 0xFC 0xFC 0xFC 0xFC 0xFC 0xFC 0xFC 
0xFC 0xFC 0xFC 0xFC 0xFC 0xFC 0xFB 0xFC 0xFC 0xFB 
0xFB 0xFC 0xFB 0xFB 0xFB 0xFB 0xFB 0xFB 0xFB 0xFB 
0xFB 0xFA 0xFB 0xFA 0xFA 0xFA 0xFA 0xFA 0xFA 0xFA 
0xF9 0xF9 0xF9 0xF9 0xF9 0xF9 0xF9 0xF8 0xF8 0xF8 
0xF8 0xF8 0xF7 0xF7 0xF7 0xF7 0xF7 0xF7 0xF6
         }

[CheckSum]
Key = 169202    ; CheckByte: 0xF2
