[MapFileInfo]
Product = 26
Provider = 0x24
MapVer = 0x01
SWVersion = 5
Time = 164809
Date = 000404

[0074]              ; Bearbeiter: T. Kressler
Offset =       0    ; Offset
Memory =       2    ; EELiteBlock
PStufe =      16    ; KT
Service =      2    ; Block neu initialisieren
Version =      1    ; Version
DataSize =      4   ; Anzahl der Datenbytes
Data     {
0x99 0xF9 0xFF 0xFF
         }
[0071]              ; Bearbeiter: P. Lefèvre
Offset =       0    ; Offset
Memory =       2    ; EELiteBlock
PStufe =      16    ; KT
Service =      2    ; Block neu initialisieren
Version =      1    ; Version
DataSize =    200   ; Anzahl der Datenbytes
Data     {
0x09 0xFF 0xFF 0xFF 0x32 0x00 0x00 0x32 0xF4 0x03 
0x32 0x07 0x00 0x02 0xF8 0x02 0x32 0x0E 0x00 0x62 
0xF2 0x30 0x32 0x15 0x00 0x62 0xF2 0x10 0x32 0x1C 
0x00 0x62 0xF2 0x20 0x32 0x1C 0x00 0x62 0xF2 0x70 
0x32 0x1C 0x00 0x02 0xF8 0x01 0x32 0x1C 0x00 0x02 
0xF8 0x10 0x32 0x1C 0x00 0xFE 0xFF 0xFF 0xFF 0xFF 
0xF3 0x3F 0xE3 0xBF 0x3D 0xEC 0xDF 0xFF 0x3F 0xFF 
0xFF 0xFF 0xFF 0xFF 0xFF 0x3F 0xFF 0xFF 0xFF 0xEF 
0xF7 0xFF 0x3F 0xFF 0xFF 0xFF 0xFF 0xFF 0xFF 0x3F 
0xFF 0xFF 0xFF 0xFF 0xFF 0xFF 0xFF 0xFF 0xFF 0xFF 
0xFF 0xFF 0xFF 0xFF 0xFF 0xFF 0xFF 0xFF 0xFF 0xFF 
0xFF 0xFF 0xFF 0xFF 0xFF 0xFF 0xFF 0xFF 0xFF 0xFF 
0xFF 0xFF 0xFF 0xFF 0xFF 0xFF 0xFF 0xFF 0xFF 0xFF 
0xFF 0xFF 0xFF 0xFF 0xFF 0xFF 0xFF 0xFF 0xFF 0xFF 
0xFF 0xFF 0xFF 0xFF 0xFF 0xFF 0xFF 0xFF 0xFF 0xFF 
0xFF 0xFF 0xFF 0xFF 0xFF 0xFF 0xFF 0xFF 0xFF 0xFF 
0xFF 0xFF 0xFF 0xFF 0xFF 0xFF 0xFF 0xFF 0xFF 0xFF 
0xFF 0xFF 0xFF 0xFF 0xFF 0xFF 0xFF 0xFF 0xFF 0xFF 
0xFF 0xFF 0xFF 0xFF 0xFF 0xFF 0xFF 0xFF 0xFF 0xFF 
0xFF 0xFF 0xFF 0xFF 0xFF 0xFF 0xFF 0xFF 0xFF 0xFF
         }

[CheckSum]
Key = 164569    ; CheckByte: 0xD9
